Archive member included to satisfy reference by file (symbol)

c:/programs/stm32cubeide_1.12.0/stm32cubeide/plugins/com.st.stm32cube.ide.mcu.externaltools.gnu-tools-for-stm32.10.3-2021.10.win32_1.0.200.202301161003/tools/bin/../lib/gcc/arm-none-eabi/10.3.1/../../../../arm-none-eabi/lib/thumb/v7-m/nofp\libc_nano.a(lib_a-errno.o)
                              ./Core/Src/syscalls.o (__errno)
c:/programs/stm32cubeide_1.12.0/stm32cubeide/plugins/com.st.stm32cube.ide.mcu.externaltools.gnu-tools-for-stm32.10.3-2021.10.win32_1.0.200.202301161003/tools/bin/../lib/gcc/arm-none-eabi/10.3.1/../../../../arm-none-eabi/lib/thumb/v7-m/nofp\libc_nano.a(lib_a-exit.o)
                              c:/programs/stm32cubeide_1.12.0/stm32cubeide/plugins/com.st.stm32cube.ide.mcu.externaltools.gnu-tools-for-stm32.10.3-2021.10.win32_1.0.200.202301161003/tools/bin/../lib/gcc/arm-none-eabi/10.3.1/../../../../arm-none-eabi/lib/thumb/v7-m/nofp/crt0.o (exit)
c:/programs/stm32cubeide_1.12.0/stm32cubeide/plugins/com.st.stm32cube.ide.mcu.externaltools.gnu-tools-for-stm32.10.3-2021.10.win32_1.0.200.202301161003/tools/bin/../lib/gcc/arm-none-eabi/10.3.1/../../../../arm-none-eabi/lib/thumb/v7-m/nofp\libc_nano.a(lib_a-impure.o)
                              c:/programs/stm32cubeide_1.12.0/stm32cubeide/plugins/com.st.stm32cube.ide.mcu.externaltools.gnu-tools-for-stm32.10.3-2021.10.win32_1.0.200.202301161003/tools/bin/../lib/gcc/arm-none-eabi/10.3.1/../../../../arm-none-eabi/lib/thumb/v7-m/nofp\libc_nano.a(lib_a-exit.o) (_global_impure_ptr)
c:/programs/stm32cubeide_1.12.0/stm32cubeide/plugins/com.st.stm32cube.ide.mcu.externaltools.gnu-tools-for-stm32.10.3-2021.10.win32_1.0.200.202301161003/tools/bin/../lib/gcc/arm-none-eabi/10.3.1/../../../../arm-none-eabi/lib/thumb/v7-m/nofp\libc_nano.a(lib_a-init.o)
                              c:/programs/stm32cubeide_1.12.0/stm32cubeide/plugins/com.st.stm32cube.ide.mcu.externaltools.gnu-tools-for-stm32.10.3-2021.10.win32_1.0.200.202301161003/tools/bin/../lib/gcc/arm-none-eabi/10.3.1/../../../../arm-none-eabi/lib/thumb/v7-m/nofp/crt0.o (__libc_init_array)
c:/programs/stm32cubeide_1.12.0/stm32cubeide/plugins/com.st.stm32cube.ide.mcu.externaltools.gnu-tools-for-stm32.10.3-2021.10.win32_1.0.200.202301161003/tools/bin/../lib/gcc/arm-none-eabi/10.3.1/../../../../arm-none-eabi/lib/thumb/v7-m/nofp\libc_nano.a(lib_a-malloc.o)
                              ./Core/Src/main.o (malloc)
c:/programs/stm32cubeide_1.12.0/stm32cubeide/plugins/com.st.stm32cube.ide.mcu.externaltools.gnu-tools-for-stm32.10.3-2021.10.win32_1.0.200.202301161003/tools/bin/../lib/gcc/arm-none-eabi/10.3.1/../../../../arm-none-eabi/lib/thumb/v7-m/nofp\libc_nano.a(lib_a-memset.o)
                              c:/programs/stm32cubeide_1.12.0/stm32cubeide/plugins/com.st.stm32cube.ide.mcu.externaltools.gnu-tools-for-stm32.10.3-2021.10.win32_1.0.200.202301161003/tools/bin/../lib/gcc/arm-none-eabi/10.3.1/../../../../arm-none-eabi/lib/thumb/v7-m/nofp/crt0.o (memset)
c:/programs/stm32cubeide_1.12.0/stm32cubeide/plugins/com.st.stm32cube.ide.mcu.externaltools.gnu-tools-for-stm32.10.3-2021.10.win32_1.0.200.202301161003/tools/bin/../lib/gcc/arm-none-eabi/10.3.1/../../../../arm-none-eabi/lib/thumb/v7-m/nofp\libc_nano.a(lib_a-nano-freer.o)
                              c:/programs/stm32cubeide_1.12.0/stm32cubeide/plugins/com.st.stm32cube.ide.mcu.externaltools.gnu-tools-for-stm32.10.3-2021.10.win32_1.0.200.202301161003/tools/bin/../lib/gcc/arm-none-eabi/10.3.1/../../../../arm-none-eabi/lib/thumb/v7-m/nofp\libc_nano.a(lib_a-malloc.o) (_free_r)
c:/programs/stm32cubeide_1.12.0/stm32cubeide/plugins/com.st.stm32cube.ide.mcu.externaltools.gnu-tools-for-stm32.10.3-2021.10.win32_1.0.200.202301161003/tools/bin/../lib/gcc/arm-none-eabi/10.3.1/../../../../arm-none-eabi/lib/thumb/v7-m/nofp\libc_nano.a(lib_a-nano-mallocr.o)
                              c:/programs/stm32cubeide_1.12.0/stm32cubeide/plugins/com.st.stm32cube.ide.mcu.externaltools.gnu-tools-for-stm32.10.3-2021.10.win32_1.0.200.202301161003/tools/bin/../lib/gcc/arm-none-eabi/10.3.1/../../../../arm-none-eabi/lib/thumb/v7-m/nofp\libc_nano.a(lib_a-malloc.o) (_malloc_r)
c:/programs/stm32cubeide_1.12.0/stm32cubeide/plugins/com.st.stm32cube.ide.mcu.externaltools.gnu-tools-for-stm32.10.3-2021.10.win32_1.0.200.202301161003/tools/bin/../lib/gcc/arm-none-eabi/10.3.1/../../../../arm-none-eabi/lib/thumb/v7-m/nofp\libc_nano.a(lib_a-sbrkr.o)
                              c:/programs/stm32cubeide_1.12.0/stm32cubeide/plugins/com.st.stm32cube.ide.mcu.externaltools.gnu-tools-for-stm32.10.3-2021.10.win32_1.0.200.202301161003/tools/bin/../lib/gcc/arm-none-eabi/10.3.1/../../../../arm-none-eabi/lib/thumb/v7-m/nofp\libc_nano.a(lib_a-nano-mallocr.o) (_sbrk_r)
c:/programs/stm32cubeide_1.12.0/stm32cubeide/plugins/com.st.stm32cube.ide.mcu.externaltools.gnu-tools-for-stm32.10.3-2021.10.win32_1.0.200.202301161003/tools/bin/../lib/gcc/arm-none-eabi/10.3.1/../../../../arm-none-eabi/lib/thumb/v7-m/nofp\libc_nano.a(lib_a-mlock.o)
[...]
Memory Configuration

Name             Origin             Length             Attributes
RAM              0x0000000020000000 0x0000000000020000 xrw
FLASH            0x0000000008000000 0x0000000000080000 xr
*default*        0x0000000000000000 0xffffffffffffffff

Linker script and memory map

LOAD c:/programs/stm32cubeide_1.12.0/stm32cubeide/plugins/com.st.stm32cube.ide.mcu.externaltools.gnu-tools-for-stm32.10.3-2021.10.win32_1.0.200.202301161003/tools/bin/../lib/gcc/arm-none-eabi/10.3.1/thumb/v7-m/nofp/crti.o
LOAD c:/programs/stm32cubeide_1.12.0/stm32cubeide/plugins/com.st.stm32cube.ide.mcu.externaltools.gnu-tools-for-stm32.10.3-2021.10.win32_1.0.200.202301161003/tools/bin/../lib/gcc/arm-none-eabi/10.3.1/thumb/v7-m/nofp/crtbegin.o
LOAD c:/programs/stm32cubeide_1.12.0/stm32cubeide/plugins/com.st.stm32cube.ide.mcu.externaltools.gnu-tools-for-stm32.10.3-2021.10.win32_1.0.200.202301161003/tools/bin/../lib/gcc/arm-none-eabi/10.3.1/../../../../arm-none-eabi/lib/thumb/v7-m/nofp/crt0.o
LOAD ./Core/Src/fonts.o
LOAD ./Core/Src/main.o
LOAD ./Core/Src/ssd1306.o
LOAD ./Core/Src/stm32f2xx_hal_msp.o
LOAD ./Core/Src/stm32f2xx_it.o
LOAD ./Core/Src/syscalls.o
LOAD ./Core/Src/sysmem.o
LOAD ./Core/Src/system_stm32f2xx.o
LOAD ./Core/Startup/startup_stm32f207vetx.o
LOAD ./Drivers/STM32F2xx_HAL_Driver/Src/stm32f2xx_hal.o
LOAD ./Drivers/STM32F2xx_HAL_Driver/Src/stm32f2xx_hal_adc.o
LOAD ./Drivers/STM32F2xx_HAL_Driver/Src/stm32f2xx_hal_adc_ex.o
LOAD ./Drivers/STM32F2xx_HAL_Driver/Src/stm32f2xx_hal_cortex.o
LOAD ./Drivers/STM32F2xx_HAL_Driver/Src/stm32f2xx_hal_dma.o
LOAD ./Drivers/STM32F2xx_HAL_Driver/Src/stm32f2xx_hal_dma_ex.o
LOAD ./Drivers/STM32F2xx_HAL_Driver/Src/stm32f2xx_hal_exti.o
LOAD ./Drivers/STM32F2xx_HAL_Driver/Src/stm32f2xx_hal_flash.o
LOAD ./Drivers/STM32F2xx_HAL_Driver/Src/stm32f2xx_hal_flash_ex.o
LOAD ./Drivers/STM32F2xx_HAL_Driver/Src/stm32f2xx_hal_gpio.o
LOAD ./Drivers/STM32F2xx_HAL_Driver/Src/stm32f2xx_hal_i2c.o
LOAD ./Drivers/STM32F2xx_HAL_Driver/Src/stm32f2xx_hal_pwr.o
LOAD ./Drivers/STM32F2xx_HAL_Driver/Src/stm32f2xx_hal_pwr_ex.o
LOAD ./Drivers/STM32F2xx_HAL_Driver/Src/stm32f2xx_hal_rcc.o
LOAD ./Drivers/STM32F2xx_HAL_Driver/Src/stm32f2xx_hal_rcc_ex.o
LOAD ./Drivers/STM32F2xx_HAL_Driver/Src/stm32f2xx_hal_tim.o
LOAD ./Drivers/STM32F2xx_HAL_Driver/Src/stm32f2xx_hal_tim_ex.o
LOAD ./Drivers/STM32F2xx_HAL_Driver/Src/stm32f2xx_hal_uart.o
START GROUP
LOAD c:/programs/stm32cubeide_1.12.0/stm32cubeide/plugins/com.st.stm32cube.ide.mcu.externaltools.gnu-tools-for-stm32.10.3-2021.10.win32_1.0.200.202301161003/tools/bin/../lib/gcc/arm-none-eabi/10.3.1/../../../../arm-none-eabi/lib/thumb/v7-m/nofp\libc_nano.a
LOAD c:/programs/stm32cubeide_1.12.0/stm32cubeide/plugins/com.st.stm32cube.ide.mcu.externaltools.gnu-tools-for-stm32.10.3-2021.10.win32_1.0.200.202301161003/tools/bin/../lib/gcc/arm-none-eabi/10.3.1/../../../../arm-none-eabi/lib/thumb/v7-m/nofp\libm.a
END GROUP
START GROUP
LOAD c:/programs/stm32cubeide_1.12.0/stm32cubeide/plugins/com.st.stm32cube.ide.mcu.externaltools.gnu-tools-for-stm32.10.3-2021.10.win32_1.0.200.202301161003/tools/bin/../lib/gcc/arm-none-eabi/10.3.1/thumb/v7-m/nofp\libgcc.a
LOAD c:/programs/stm32cubeide_1.12.0/stm32cubeide/plugins/com.st.stm32cube.ide.mcu.externaltools.gnu-tools-for-stm32.10.3-2021.10.win32_1.0.200.202301161003/tools/bin/../lib/gcc/arm-none-eabi/10.3.1/../../../../arm-none-eabi/lib/thumb/v7-m/nofp\libc_nano.a
END GROUP
START GROUP
LOAD c:/programs/stm32cubeide_1.12.0/stm32cubeide/plugins/com.st.stm32cube.ide.mcu.externaltools.gnu-tools-for-stm32.10.3-2021.10.win32_1.0.200.202301161003/tools/bin/../lib/gcc/arm-none-eabi/10.3.1/thumb/v7-m/nofp\libgcc.a
LOAD c:/programs/stm32cubeide_1.12.0/stm32cubeide/plugins/com.st.stm32cube.ide.mcu.externaltools.gnu-tools-for-stm32.10.3-2021.10.win32_1.0.200.202301161003/tools/bin/../lib/gcc/arm-none-eabi/10.3.1/../../../../arm-none-eabi/lib/thumb/v7-m/nofp\libc_nano.a
LOAD c:/programs/stm32cubeide_1.12.0/stm32cubeide/plugins/com.st.stm32cube.ide.mcu.externaltools.gnu-tools-for-stm32.10.3-2021.10.win32_1.0.200.202301161003/tools/bin/../lib/gcc/arm-none-eabi/10.3.1/../../../../arm-none-eabi/lib/thumb/v7-m/nofp\libnosys.a
END GROUP
START GROUP
LOAD c:/programs/stm32cubeide_1.12.0/stm32cubeide/plugins/com.st.stm32cube.ide.mcu.externaltools.gnu-tools-for-stm32.10.3-2021.10.win32_1.0.200.202301161003/tools/bin/../lib/gcc/arm-none-eabi/10.3.1/thumb/v7-m/nofp\libgcc.a
LOAD c:/programs/stm32cubeide_1.12.0/stm32cubeide/plugins/com.st.stm32cube.ide.mcu.externaltools.gnu-tools-for-stm32.10.3-2021.10.win32_1.0.200.202301161003/tools/bin/../lib/gcc/arm-none-eabi/10.3.1/../../../../arm-none-eabi/lib/thumb/v7-m/nofp\libc_nano.a
LOAD c:/programs/stm32cubeide_1.12.0/stm32cubeide/plugins/com.st.stm32cube.ide.mcu.externaltools.gnu-tools-for-stm32.10.3-2021.10.win32_1.0.200.202301161003/tools/bin/../lib/gcc/arm-none-eabi/10.3.1/../../../../arm-none-eabi/lib/thumb/v7-m/nofp\libnosys.a
END GROUP
LOAD c:/programs/stm32cubeide_1.12.0/stm32cubeide/plugins/com.st.stm32cube.ide.mcu.externaltools.gnu-tools-for-stm32.10.3-2021.10.win32_1.0.200.202301161003/tools/bin/../lib/gcc/arm-none-eabi/10.3.1/thumb/v7-m/nofp/crtend.o
LOAD c:/programs/stm32cubeide_1.12.0/stm32cubeide/plugins/com.st.stm32cube.ide.mcu.externaltools.gnu-tools-for-stm32.10.3-2021.10.win32_1.0.200.202301161003/tools/bin/../lib/gcc/arm-none-eabi/10.3.1/thumb/v7-m/nofp/crtn.o
                0x0000000020020000                _estack = (ORIGIN (RAM) + LENGTH (RAM))
                0x0000000000000200                _Min_Heap_Size = 0x200
                0x0000000000000400                _Min_Stack_Size = 0x400

.isr_vector     0x0000000008000000      0x184
                0x0000000008000000                . = ALIGN (0x4)
 *(.isr_vector)
 .isr_vector    0x0000000008000000      0x184 ./Core/Startup/startup_stm32f207vetx.o
                0x0000000008000000                g_pfnVectors
                0x0000000008000184                . = ALIGN (0x4)

.text           0x0000000008000188     0xa324
                0x0000000008000188                . = ALIGN (0x4)
 *(.text)
 .text          0x0000000008000188       0x40 c:/programs/stm32cubeide_1.12.0/stm32cubeide/plugins/com.st.stm32cube.ide.mcu.externaltools.gnu-tools-for-stm32.10.3-2021.10.win32_1.0.200.202301161003/tools/bin/../lib/gcc/arm-none-eabi/10.3.1/thumb/v7-m/nofp/crtbegin.o
 .text          0x00000000080001c8      0x378 c:/programs/stm32cubeide_1.12.0/stm32cubeide/plugins/com.st.stm32cube.ide.mcu.externaltools.gnu-tools-for-stm32.10.3-2021.10.win32_1.0.200.202301161003/tools/bin/../lib/gcc/arm-none-eabi/10.3.1/thumb/v7-m/nofp\libgcc.a(_arm_addsubdf3.o)
                0x00000000080001c8                __aeabi_drsub
                0x00000000080001d0                __aeabi_dsub
                0x00000000080001d0                __subdf3
                0x00000000080001d4                __aeabi_dadd
                0x00000000080001d4                __adddf3
                0x000000000800044c                __floatunsidf
                0x000000000800044c                __aeabi_ui2d
                0x000000000800046c                __floatsidf
                0x000000000800046c                __aeabi_i2d
                0x0000000008000490                __aeabi_f2d
                0x0000000008000490                __extendsfdf2
                0x00000000080004d4                __floatundidf
                0x00000000080004d4                __aeabi_ul2d
                0x00000000080004e4                __floatdidf
                0x00000000080004e4                __aeabi_l2d
 .text          0x0000000008000540      0x424 c:/programs/stm32cubeide_1.12.0/stm32cubeide/plugins/com.st.stm32cube.ide.mcu.externaltools.gnu-tools-for-stm32.10.3-2021.10.win32_1.0.200.202301161003/tools/bin/../lib/gcc/arm-none-eabi/10.3.1/thumb/v7-m/nofp\libgcc.a(_arm_muldivdf3.o)
                0x0000000008000540                __aeabi_dmul
                0x0000000008000540                __muldf3
                0x0000000008000794                __divdf3
                0x0000000008000794                __aeabi_ddiv
 .text          0x0000000008000964      0x110 c:/programs/stm32cubeide_1.12.0/stm32cubeide/plugins/com.st.stm32cube.ide.mcu.externaltools.gnu-tools-for-stm32.10.3-2021.10.win32_1.0.200.202301161003/tools/bin/../lib/gcc/arm-none-eabi/10.3.1/thumb/v7-m/nofp\libgcc.a(_arm_cmpdf2.o)
                0x0000000008000964                __gtdf2
                0x0000000008000964                __gedf2
                0x000000000800096c                __ltdf2
                0x000000000800096c                __ledf2
                0x0000000008000974                __nedf2
                0x0000000008000974                __eqdf2
                0x0000000008000974                __cmpdf2
                0x00000000080009f0                __aeabi_cdrcmple
                0x0000000008000a00                __aeabi_cdcmpeq
                0x0000000008000a00                __aeabi_cdcmple
                0x0000000008000a10                __aeabi_dcmpeq
                0x0000000008000a24                __aeabi_dcmplt
                0x0000000008000a38                __aeabi_dcmple
                0x0000000008000a4c                __aeabi_dcmpge
                0x0000000008000a60                __aeabi_dcmpgt
 .text          0x0000000008000a74       0x2c c:/programs/stm32cubeide_1.12.0/stm32cubeide/plugins/com.st.stm32cube.ide.mcu.externaltools.gnu-tools-for-stm32.10.3-2021.10.win32_1.0.200.202301161003/tools/bin/../lib/gcc/arm-none-eabi/10.3.1/thumb/v7-m/nofp\libgcc.a(_arm_unorddf2.o)
                0x0000000008000a74                __unorddf2
                0x0000000008000a74                __aeabi_dcmpun
 .text          0x0000000008000aa0       0x50 c:/programs/stm32cubeide_1.12.0/stm32cubeide/plugins/com.st.stm32cube.ide.mcu.externaltools.gnu-tools-for-stm32.10.3-2021.10.win32_1.0.200.202301161003/tools/bin/../lib/gcc/arm-none-eabi/10.3.1/thumb/v7-m/nofp\libgcc.a(_arm_fixdfsi.o)
                0x0000000008000aa0                __aeabi_d2iz
                0x0000000008000aa0                __fixdfsi
 .text          0x0000000008000af0       0x40 c:/programs/stm32cubeide_1.12.0/stm32cubeide/plugins/com.st.stm32cube.ide.mcu.externaltools.gnu-tools-for-stm32.10.3-2021.10.win32_1.0.200.202301161003/tools/bin/../lib/gcc/arm-none-eabi/10.3.1/thumb/v7-m/nofp\libgcc.a(_arm_fixunsdfsi.o)
                0x0000000008000af0                __aeabi_d2uiz
                0x0000000008000af0                __fixunsdfsi
 .text          0x0000000008000b30       0xa0 c:/programs/stm32cubeide_1.12.0/stm32cubeide/plugins/com.st.stm32cube.ide.mcu.externaltools.gnu-tools-for-stm32.10.3-2021.10.win32_1.0.200.202301161003/tools/bin/../lib/gcc/arm-none-eabi/10.3.1/thumb/v7-m/nofp\libgcc.a(_arm_truncdfsf2.o)
                0x0000000008000b30                __truncdfsf2
                0x0000000008000b30                __aeabi_d2f
 .text          0x0000000008000bd0      0x21c c:/programs/stm32cubeide_1.12.0/stm32cubeide/plugins/com.st.stm32cube.ide.mcu.externaltools.gnu-tools-for-stm32.10.3-2021.10.win32_1.0.200.202301161003/tools/bin/../lib/gcc/arm-none-eabi/10.3.1/thumb/v7-m/nofp\libgcc.a(_arm_addsubsf3.o)
                0x0000000008000bd0                __aeabi_frsub
                0x0000000008000bd8                __subsf3
                0x0000000008000bd8                __aeabi_fsub
                0x0000000008000bdc                __aeabi_fadd
                0x0000000008000bdc                __addsf3
                0x0000000008000d3c                __aeabi_ui2f
                0x0000000008000d3c                __floatunsisf
                0x0000000008000d44                __aeabi_i2f
                0x0000000008000d44                __floatsisf
                0x0000000008000d60                __aeabi_ul2f
                0x0000000008000d60                __floatundisf
                0x0000000008000d70                __aeabi_l2f
                0x0000000008000d70                __floatdisf
 .text          0x0000000008000dec      0x2a0 c:/programs/stm32cubeide_1.12.0/stm32cubeide/plugins/com.st.stm32cube.ide.mcu.externaltools.gnu-tools-for-stm32.10.3-2021.10.win32_1.0.200.202301161003/tools/bin/../lib/gcc/arm-none-eabi/10.3.1/thumb/v7-m/nofp\libgcc.a(_arm_muldivsf3.o)
                0x0000000008000dec                __mulsf3
                0x0000000008000dec                __aeabi_fmul
                0x0000000008000f54                __aeabi_fdiv
                0x0000000008000f54                __divsf3
 .text          0x000000000800108c       0xec c:/programs/stm32cubeide_1.12.0/stm32cubeide/plugins/com.st.stm32cube.ide.mcu.externaltools.gnu-tools-for-stm32.10.3-2021.10.win32_1.0.200.202301161003/tools/bin/../lib/gcc/arm-none-eabi/10.3.1/thumb/v7-m/nofp\libgcc.a(_arm_cmpsf2.o)
                0x000000000800108c                __gesf2
                0x000000000800108c                __gtsf2
                0x0000000008001094                __lesf2
                0x0000000008001094                __ltsf2
                0x000000000800109c                __nesf2
                0x000000000800109c                __eqsf2
                0x000000000800109c                __cmpsf2
                0x00000000080010fc                __aeabi_cfrcmple
                0x0000000008001104                __aeabi_cfcmpeq
                0x0000000008001104                __aeabi_cfcmple
                0x0000000008001114                __aeabi_fcmpeq
                0x0000000008001128                __aeabi_fcmplt
                0x000000000800113c                __aeabi_fcmple
                0x0000000008001150                __aeabi_fcmpge
                0x0000000008001164                __aeabi_fcmpgt
 .text          0x0000000008001178       0x40 c:/programs/stm32cubeide_1.12.0/stm32cubeide/plugins/com.st.stm32cube.ide.mcu.externaltools.gnu-tools-for-stm32.10.3-2021.10.win32_1.0.200.202301161003/tools/bin/../lib/gcc/arm-none-eabi/10.3.1/thumb/v7-m/nofp\libgcc.a(_arm_fixunssfsi.o)
                0x0000000008001178                __fixunssfsi
                0x0000000008001178                __aeabi_f2uiz
 .text          0x00000000080011b8       0x30 c:/programs/stm32cubeide_1.12.0/stm32cubeide/plugins/com.st.stm32cube.ide.mcu.externaltools.gnu-tools-for-stm32.10.3-2021.10.win32_1.0.200.202301161003/tools/bin/../lib/gcc/arm-none-eabi/10.3.1/thumb/v7-m/nofp\libgcc.a(_aeabi_uldivmod.o)
                0x00000000080011b8                __aeabi_uldivmod
 .text          0x00000000080011e8      0x2d4 c:/programs/stm32cubeide_1.12.0/stm32cubeide/plugins/com.st.stm32cube.ide.mcu.externaltools.gnu-tools-for-stm32.10.3-2021.10.win32_1.0.200.202301161003/tools/bin/../lib/gcc/arm-none-eabi/10.3.1/thumb/v7-m/nofp\libgcc.a(_udivmoddi4.o)
                0x00000000080011e8                __udivmoddi4
 .text          0x00000000080014bc        0x4 c:/programs/stm32cubeide_1.12.0/stm32cubeide/plugins/com.st.stm32cube.ide.mcu.externaltools.gnu-tools-for-stm32.10.3-2021.10.win32_1.0.200.202301161003/tools/bin/../lib/gcc/arm-none-eabi/10.3.1/thumb/v7-m/nofp\libgcc.a(_dvmd_tls.o)
                0x00000000080014bc                __aeabi_idiv0
                0x00000000080014bc                __aeabi_ldiv0
 *(.text*)
 .text.HAL_ADC_ConvCpltCallback
                0x00000000080014c0       0x16 ./Core/Src/main.o
                0x00000000080014c0                HAL_ADC_ConvCpltCallback
 *fill*         0x00000000080014d6        0x2 
 .text.change_mode
                0x00000000080014d8       0x84 ./Core/Src/main.o
                0x00000000080014d8                change_mode
 .text.USART2_IRQHandler
                0x000000000800155c       0x14 ./Core/Src/main.o
                0x000000000800155c                USART2_IRQHandler
 .text.HAL_UART_TxCpltCallback
                0x0000000008001570       0x12 ./Core/Src/main.o
                0x0000000008001570                HAL_UART_TxCpltCallback
 *fill*         0x0000000008001582        0x2 
 .text.set_RPM  0x0000000008001584       0x78 ./Core/Src/main.o
                0x0000000008001584                set_RPM
 *fill*         0x00000000080015fc        0x4 
 .text.move_rotor
                0x0000000008001600      0x3c8 ./Core/Src/main.o
                0x0000000008001600                move_rotor
 .text.HAL_TIM_PeriodElapsedCallback
                0x00000000080019c8      0x1dc ./Core/Src/main.o
                0x00000000080019c8                HAL_TIM_PeriodElapsedCallback
 .text.check_sync
                0x0000000008001ba4      0x734 ./Core/Src/main.o
                0x0000000008001ba4                check_sync
 .text.HAL_GPIO_EXTI_Callback
                0x00000000080022d8       0x7c ./Core/Src/main.o
                0x00000000080022d8                HAL_GPIO_EXTI_Callback
 *fill*         0x0000000008002354        0x4 
 .text.main     0x0000000008002358      0x214 ./Core/Src/main.o
                0x0000000008002358                main
 .text.SystemClock_Config
                0x000000000800256c       0x8c ./Core/Src/main.o
                0x000000000800256c                SystemClock_Config
 .text.MX_ADC1_Init
                0x00000000080025f8       0xdc ./Core/Src/main.o
 .text.MX_I2C3_Init
                0x00000000080026d4       0x5c ./Core/Src/main.o
 .text.MX_TIM1_Init
                0x0000000008002730      0x158 ./Core/Src/main.o
 .text.MX_TIM8_Init
                0x0000000008002888      0x140 ./Core/Src/main.o
 .text.MX_TIM14_Init
                0x00000000080029c8       0x94 ./Core/Src/main.o
 .text.MX_USART3_UART_Init
                0x0000000008002a5c       0x54 ./Core/Src/main.o
 .text.MX_DMA_Init
                0x0000000008002ab0       0x6c ./Core/Src/main.o
 .text.MX_GPIO_Init
                0x0000000008002b1c      0x138 ./Core/Src/main.o
 .text.Error_Handler
                0x0000000008002c54        0xa ./Core/Src/main.o
                0x0000000008002c54                Error_Handler
 .text.HAL_I2C_MemTxCpltCallback
                0x0000000008002c5e       0x12 ./Core/Src/ssd1306.o
                0x0000000008002c5e                HAL_I2C_MemTxCpltCallback
 .text.HAL_MspInit
                0x0000000008002c70       0x4c ./Core/Src/stm32f2xx_hal_msp.o
                0x0000000008002c70                HAL_MspInit
 .text.HAL_ADC_MspInit
                0x0000000008002cbc      0x170 ./Core/Src/stm32f2xx_hal_msp.o
                0x0000000008002cbc                HAL_ADC_MspInit
 .text.HAL_I2C_MspInit
                0x0000000008002e2c      0x148 ./Core/Src/stm32f2xx_hal_msp.o
                0x0000000008002e2c                HAL_I2C_MspInit
 .text.HAL_TIM_Base_MspInit
                0x0000000008002f74      0x124 ./Core/Src/stm32f2xx_hal_msp.o
                0x0000000008002f74                HAL_TIM_Base_MspInit
 .text.HAL_TIM_OC_MspInit
                0x0000000008003098       0x50 ./Core/Src/stm32f2xx_hal_msp.o
                0x0000000008003098                HAL_TIM_OC_MspInit
 .text.HAL_TIM_MspPostInit
                0x00000000080030e8      0x104 ./Core/Src/stm32f2xx_hal_msp.o
                0x00000000080030e8                HAL_TIM_MspPostInit
 .text.HAL_UART_MspInit
                0x00000000080031ec       0xa0 ./Core/Src/stm32f2xx_hal_msp.o
                0x00000000080031ec                HAL_UART_MspInit
 .text.NMI_Handler
                0x000000000800328c        0x6 ./Core/Src/stm32f2xx_it.o
                0x000000000800328c                NMI_Handler
 .text.HardFault_Handler
                0x0000000008003292        0x6 ./Core/Src/stm32f2xx_it.o
                0x0000000008003292                HardFault_Handler
 .text.MemManage_Handler
                0x0000000008003298        0x6 ./Core/Src/stm32f2xx_it.o
                0x0000000008003298                MemManage_Handler
 .text.BusFault_Handler
                0x000000000800329e        0x6 ./Core/Src/stm32f2xx_it.o
                0x000000000800329e                BusFault_Handler
 .text.UsageFault_Handler
                0x00000000080032a4        0x6 ./Core/Src/stm32f2xx_it.o
                0x00000000080032a4                UsageFault_Handler
 .text.SVC_Handler
                0x00000000080032aa        0xc ./Core/Src/stm32f2xx_it.o
                0x00000000080032aa                SVC_Handler
 .text.DebugMon_Handler
                0x00000000080032b6        0xc ./Core/Src/stm32f2xx_it.o
                0x00000000080032b6                DebugMon_Handler
 .text.PendSV_Handler
                0x00000000080032c2        0xc ./Core/Src/stm32f2xx_it.o
                0x00000000080032c2                PendSV_Handler
 .text.SysTick_Handler
                0x00000000080032ce        0xc ./Core/Src/stm32f2xx_it.o
                0x00000000080032ce                SysTick_Handler
 .text.EXTI0_IRQHandler
                0x00000000080032da        0xe ./Core/Src/stm32f2xx_it.o
                0x00000000080032da                EXTI0_IRQHandler
 .text.EXTI1_IRQHandler
                0x00000000080032e8        0xe ./Core/Src/stm32f2xx_it.o
                0x00000000080032e8                EXTI1_IRQHandler
 *fill*         0x00000000080032f6        0x2 
 .text.DMA1_Stream4_IRQHandler
                0x00000000080032f8       0x14 ./Core/Src/stm32f2xx_it.o
                0x00000000080032f8                DMA1_Stream4_IRQHandler
 .text.ADC_IRQHandler
                0x000000000800330c       0x14 ./Core/Src/stm32f2xx_it.o
                0x000000000800330c                ADC_IRQHandler
 .text.EXTI9_5_IRQHandler
                0x0000000008003320       0x14 ./Core/Src/stm32f2xx_it.o
                0x0000000008003320                EXTI9_5_IRQHandler
 .text.TIM1_UP_TIM10_IRQHandler
                0x0000000008003334       0x14 ./Core/Src/stm32f2xx_it.o
                0x0000000008003334                TIM1_UP_TIM10_IRQHandler
 .text.TIM4_IRQHandler
                0x0000000008003348       0x14 ./Core/Src/stm32f2xx_it.o
                0x0000000008003348                TIM4_IRQHandler
 .text.USART3_IRQHandler
                0x000000000800335c       0x14 ./Core/Src/stm32f2xx_it.o
                0x000000000800335c                USART3_IRQHandler
 .text.TIM8_BRK_TIM12_IRQHandler
                0x0000000008003370       0x1c ./Core/Src/stm32f2xx_it.o
                0x0000000008003370                TIM8_BRK_TIM12_IRQHandler
 .text.TIM8_UP_TIM13_IRQHandler
                0x000000000800338c       0x1c ./Core/Src/stm32f2xx_it.o
                0x000000000800338c                TIM8_UP_TIM13_IRQHandler
 .text.TIM8_TRG_COM_TIM14_IRQHandler
                0x00000000080033a8       0x48 ./Core/Src/stm32f2xx_it.o
                0x00000000080033a8                TIM8_TRG_COM_TIM14_IRQHandler
 .text.DMA2_Stream0_IRQHandler
                0x00000000080033f0       0x14 ./Core/Src/stm32f2xx_it.o
                0x00000000080033f0                DMA2_Stream0_IRQHandler
 .text.I2C3_EV_IRQHandler
                0x0000000008003404       0x14 ./Core/Src/stm32f2xx_it.o
                0x0000000008003404                I2C3_EV_IRQHandler
 .text.SystemInit
                0x0000000008003418        0xc ./Core/Src/system_stm32f2xx.o
                0x0000000008003418                SystemInit
 .text.Reset_Handler
                0x0000000008003424       0x50 ./Core/Startup/startup_stm32f207vetx.o
                0x0000000008003424                Reset_Handler
 .text.Default_Handler
                0x0000000008003474        0x2 ./Core/Startup/startup_stm32f207vetx.o
                0x0000000008003474                RTC_Alarm_IRQHandler
                0x0000000008003474                HASH_RNG_IRQHandler
                0x0000000008003474                EXTI2_IRQHandler
                0x0000000008003474                TIM8_CC_IRQHandler
                0x0000000008003474                TIM1_CC_IRQHandler
                0x0000000008003474                DMA2_Stream5_IRQHandler
                0x0000000008003474                DMA1_Stream5_IRQHandler
                0x0000000008003474                PVD_IRQHandler
                0x0000000008003474                SDIO_IRQHandler
                0x0000000008003474                TAMP_STAMP_IRQHandler
                0x0000000008003474                CAN2_RX1_IRQHandler
                0x0000000008003474                EXTI3_IRQHandler
                0x0000000008003474                I2C3_ER_IRQHandler
                0x0000000008003474                I2C2_EV_IRQHandler
                0x0000000008003474                DMA1_Stream2_IRQHandler
                0x0000000008003474                CAN1_RX0_IRQHandler
                0x0000000008003474                OTG_HS_WKUP_IRQHandler
                0x0000000008003474                CAN2_SCE_IRQHandler
                0x0000000008003474                DMA2_Stream2_IRQHandler
                0x0000000008003474                SPI1_IRQHandler
                0x0000000008003474                TIM6_DAC_IRQHandler
                0x0000000008003474                TIM1_BRK_TIM9_IRQHandler
                0x0000000008003474                DCMI_IRQHandler
                0x0000000008003474                CAN2_RX0_IRQHandler
                0x0000000008003474                DMA2_Stream3_IRQHandler
                0x0000000008003474                USART6_IRQHandler
                0x0000000008003474                CAN1_RX1_IRQHandler
                0x0000000008003474                UART5_IRQHandler
                0x0000000008003474                I2C1_EV_IRQHandler
                0x0000000008003474                DMA1_Stream6_IRQHandler
                0x0000000008003474                DMA1_Stream1_IRQHandler
                0x0000000008003474                UART4_IRQHandler
                0x0000000008003474                TIM3_IRQHandler
                0x0000000008003474                RCC_IRQHandler
                0x0000000008003474                Default_Handler
                0x0000000008003474                EXTI15_10_IRQHandler
                0x0000000008003474                DMA1_Stream7_IRQHandler
                0x0000000008003474                TIM7_IRQHandler
                0x0000000008003474                CAN2_TX_IRQHandler
                0x0000000008003474                TIM5_IRQHandler
                0x0000000008003474                DMA2_Stream7_IRQHandler
                0x0000000008003474                RTC_WKUP_IRQHandler
                0x0000000008003474                ETH_WKUP_IRQHandler
                0x0000000008003474                SPI2_IRQHandler
                0x0000000008003474                OTG_HS_EP1_IN_IRQHandler
                0x0000000008003474                DMA1_Stream0_IRQHandler
                0x0000000008003474                CAN1_TX_IRQHandler
                0x0000000008003474                EXTI4_IRQHandler
                0x0000000008003474                FSMC_IRQHandler
                0x0000000008003474                ETH_IRQHandler
                0x0000000008003474                OTG_HS_EP1_OUT_IRQHandler
                0x0000000008003474                WWDG_IRQHandler
                0x0000000008003474                TIM2_IRQHandler
                0x0000000008003474                OTG_FS_WKUP_IRQHandler
                0x0000000008003474                TIM1_TRG_COM_TIM11_IRQHandler
                0x0000000008003474                OTG_HS_IRQHandler
                0x0000000008003474                I2C2_ER_IRQHandler
                0x0000000008003474                DMA2_Stream1_IRQHandler
                0x0000000008003474                CAN1_SCE_IRQHandler
                0x0000000008003474                FLASH_IRQHandler
                0x0000000008003474                DMA2_Stream4_IRQHandler
                0x0000000008003474                USART1_IRQHandler
                0x0000000008003474                OTG_FS_IRQHandler
                0x0000000008003474                SPI3_IRQHandler
                0x0000000008003474                I2C1_ER_IRQHandler
                0x0000000008003474                DMA2_Stream6_IRQHandler
                0x0000000008003474                DMA1_Stream3_IRQHandler
 *fill*         0x0000000008003476        0x2 
 .text.HAL_Init
                0x0000000008003478       0x44 ./Drivers/STM32F2xx_HAL_Driver/Src/stm32f2xx_hal.o
                0x0000000008003478                HAL_Init
 .text.HAL_InitTick
                0x00000000080034bc       0x60 ./Drivers/STM32F2xx_HAL_Driver/Src/stm32f2xx_hal.o
                0x00000000080034bc                HAL_InitTick
 .text.HAL_IncTick
                0x000000000800351c       0x24 ./Drivers/STM32F2xx_HAL_Driver/Src/stm32f2xx_hal.o
                0x000000000800351c                HAL_IncTick
 .text.HAL_GetTick
                0x0000000008003540       0x14 ./Drivers/STM32F2xx_HAL_Driver/Src/stm32f2xx_hal.o
                0x0000000008003540                HAL_GetTick
 .text.HAL_ADC_Init
                0x0000000008003554       0x86 ./Drivers/STM32F2xx_HAL_Driver/Src/stm32f2xx_hal_adc.o
                0x0000000008003554                HAL_ADC_Init
 .text.HAL_ADC_IRQHandler
                0x00000000080035da      0x220 ./Drivers/STM32F2xx_HAL_Driver/Src/stm32f2xx_hal_adc.o
                0x00000000080035da                HAL_ADC_IRQHandler
 *fill*         0x00000000080037fa        0x2 
 .text.HAL_ADC_Start_DMA
                0x00000000080037fc      0x1bc ./Drivers/STM32F2xx_HAL_Driver/Src/stm32f2xx_hal_adc.o
                0x00000000080037fc                HAL_ADC_Start_DMA
 .text.HAL_ADC_ConvHalfCpltCallback
                0x00000000080039b8       0x12 ./Drivers/STM32F2xx_HAL_Driver/Src/stm32f2xx_hal_adc.o
                0x00000000080039b8                HAL_ADC_ConvHalfCpltCallback
 .text.HAL_ADC_LevelOutOfWindowCallback
                0x00000000080039ca       0x12 ./Drivers/STM32F2xx_HAL_Driver/Src/stm32f2xx_hal_adc.o
                0x00000000080039ca                HAL_ADC_LevelOutOfWindowCallback
 .text.HAL_ADC_ErrorCallback
                0x00000000080039dc       0x12 ./Drivers/STM32F2xx_HAL_Driver/Src/stm32f2xx_hal_adc.o
                0x00000000080039dc                HAL_ADC_ErrorCallback
 *fill*         0x00000000080039ee        0x2 
 .text.HAL_ADC_ConfigChannel
                0x00000000080039f0      0x240 ./Drivers/STM32F2xx_HAL_Driver/Src/stm32f2xx_hal_adc.o
                0x00000000080039f0                HAL_ADC_ConfigChannel
 .text.ADC_Init
                0x0000000008003c30      0x20c ./Drivers/STM32F2xx_HAL_Driver/Src/stm32f2xx_hal_adc.o
 .text.ADC_DMAConvCplt
                0x0000000008003e3c       0xba ./Drivers/STM32F2xx_HAL_Driver/Src/stm32f2xx_hal_adc.o
 .text.ADC_DMAHalfConvCplt
                0x0000000008003ef6       0x1c ./Drivers/STM32F2xx_HAL_Driver/Src/stm32f2xx_hal_adc.o
 .text.ADC_DMAError
                0x0000000008003f12       0x2e ./Drivers/STM32F2xx_HAL_Driver/Src/stm32f2xx_hal_adc.o
 .text.HAL_ADCEx_InjectedConvCpltCallback
                0x0000000008003f40       0x12 ./Drivers/STM32F2xx_HAL_Driver/Src/stm32f2xx_hal_adc_ex.o
                0x0000000008003f40                HAL_ADCEx_InjectedConvCpltCallback
 *fill*         0x0000000008003f52        0x2 
 .text.__NVIC_SetPriorityGrouping
                0x0000000008003f54       0x48 ./Drivers/STM32F2xx_HAL_Driver/Src/stm32f2xx_hal_cortex.o
 .text.__NVIC_GetPriorityGrouping
                0x0000000008003f9c       0x1c ./Drivers/STM32F2xx_HAL_Driver/Src/stm32f2xx_hal_cortex.o
 .text.__NVIC_EnableIRQ
                0x0000000008003fb8       0x38 ./Drivers/STM32F2xx_HAL_Driver/Src/stm32f2xx_hal_cortex.o
 .text.__NVIC_SetPriority
                0x0000000008003ff0       0x54 ./Drivers/STM32F2xx_HAL_Driver/Src/stm32f2xx_hal_cortex.o
 .text.NVIC_EncodePriority
                0x0000000008004044       0x64 ./Drivers/STM32F2xx_HAL_Driver/Src/stm32f2xx_hal_cortex.o
 .text.SysTick_Config
                0x00000000080040a8       0x44 ./Drivers/STM32F2xx_HAL_Driver/Src/stm32f2xx_hal_cortex.o
 .text.HAL_NVIC_SetPriorityGrouping
                0x00000000080040ec       0x16 ./Drivers/STM32F2xx_HAL_Driver/Src/stm32f2xx_hal_cortex.o
                0x00000000080040ec                HAL_NVIC_SetPriorityGrouping
 .text.HAL_NVIC_SetPriority
                0x0000000008004102       0x38 ./Drivers/STM32F2xx_HAL_Driver/Src/stm32f2xx_hal_cortex.o
                0x0000000008004102                HAL_NVIC_SetPriority
 .text.HAL_NVIC_EnableIRQ
                0x000000000800413a       0x1c ./Drivers/STM32F2xx_HAL_Driver/Src/stm32f2xx_hal_cortex.o
                0x000000000800413a                HAL_NVIC_EnableIRQ
 .text.HAL_SYSTICK_Config
                0x0000000008004156       0x18 ./Drivers/STM32F2xx_HAL_Driver/Src/stm32f2xx_hal_cortex.o
                0x0000000008004156                HAL_SYSTICK_Config
 *fill*         0x000000000800416e        0x2 
 .text.HAL_DMA_Init
                0x0000000008004170      0x15c ./Drivers/STM32F2xx_HAL_Driver/Src/stm32f2xx_hal_dma.o
                0x0000000008004170                HAL_DMA_Init
 .text.HAL_DMA_Start_IT
                0x00000000080042cc       0xb0 ./Drivers/STM32F2xx_HAL_Driver/Src/stm32f2xx_hal_dma.o
                0x00000000080042cc                HAL_DMA_Start_IT
 .text.HAL_DMA_Abort
                0x000000000800437c       0xe0 ./Drivers/STM32F2xx_HAL_Driver/Src/stm32f2xx_hal_dma.o
                0x000000000800437c                HAL_DMA_Abort
 .text.HAL_DMA_Abort_IT
                0x000000000800445c       0x42 ./Drivers/STM32F2xx_HAL_Driver/Src/stm32f2xx_hal_dma.o
                0x000000000800445c                HAL_DMA_Abort_IT
 *fill*         0x000000000800449e        0x2 
 .text.HAL_DMA_IRQHandler
                0x00000000080044a0      0x314 ./Drivers/STM32F2xx_HAL_Driver/Src/stm32f2xx_hal_dma.o
                0x00000000080044a0                HAL_DMA_IRQHandler
 .text.HAL_DMA_GetState
                0x00000000080047b4       0x1a ./Drivers/STM32F2xx_HAL_Driver/Src/stm32f2xx_hal_dma.o
                0x00000000080047b4                HAL_DMA_GetState
 .text.DMA_SetConfig
                0x00000000080047ce       0x5a ./Drivers/STM32F2xx_HAL_Driver/Src/stm32f2xx_hal_dma.o
 .text.DMA_CalcBaseAndBitshift
                0x0000000008004828       0x68 ./Drivers/STM32F2xx_HAL_Driver/Src/stm32f2xx_hal_dma.o
 .text.DMA_CheckFifoParam
                0x0000000008004890       0xf4 ./Drivers/STM32F2xx_HAL_Driver/Src/stm32f2xx_hal_dma.o
 .text.HAL_GPIO_Init
                0x0000000008004984      0x33c ./Drivers/STM32F2xx_HAL_Driver/Src/stm32f2xx_hal_gpio.o
                0x0000000008004984                HAL_GPIO_Init
 .text.HAL_GPIO_ReadPin
                0x0000000008004cc0       0x2e ./Drivers/STM32F2xx_HAL_Driver/Src/stm32f2xx_hal_gpio.o
                0x0000000008004cc0                HAL_GPIO_ReadPin
 *fill*         0x0000000008004cee        0x2 
 .text.HAL_GPIO_EXTI_IRQHandler
                0x0000000008004cf0       0x30 ./Drivers/STM32F2xx_HAL_Driver/Src/stm32f2xx_hal_gpio.o
                0x0000000008004cf0                HAL_GPIO_EXTI_IRQHandler
 .text.HAL_I2C_Init
                0x0000000008004d20      0x288 ./Drivers/STM32F2xx_HAL_Driver/Src/stm32f2xx_hal_i2c.o
                0x0000000008004d20                HAL_I2C_Init
 .text.I2C_Flush_DR
                0x0000000008004fa8       0x28 ./Drivers/STM32F2xx_HAL_Driver/Src/stm32f2xx_hal_i2c.o
 .text.HAL_I2C_EV_IRQHandler
                0x0000000008004fd0      0x2e2 ./Drivers/STM32F2xx_HAL_Driver/Src/stm32f2xx_hal_i2c.o
                0x0000000008004fd0                HAL_I2C_EV_IRQHandler
 .text.HAL_I2C_MasterTxCpltCallback
                0x00000000080052b2       0x12 ./Drivers/STM32F2xx_HAL_Driver/Src/stm32f2xx_hal_i2c.o
                0x00000000080052b2                HAL_I2C_MasterTxCpltCallback
 .text.HAL_I2C_MasterRxCpltCallback
                0x00000000080052c4       0x12 ./Drivers/STM32F2xx_HAL_Driver/Src/stm32f2xx_hal_i2c.o
                0x00000000080052c4                HAL_I2C_MasterRxCpltCallback
 .text.HAL_I2C_SlaveTxCpltCallback
                0x00000000080052d6       0x12 ./Drivers/STM32F2xx_HAL_Driver/Src/stm32f2xx_hal_i2c.o
                0x00000000080052d6                HAL_I2C_SlaveTxCpltCallback
 .text.HAL_I2C_SlaveRxCpltCallback
                0x00000000080052e8       0x12 ./Drivers/STM32F2xx_HAL_Driver/Src/stm32f2xx_hal_i2c.o
                0x00000000080052e8                HAL_I2C_SlaveRxCpltCallback
 .text.HAL_I2C_AddrCallback
                0x00000000080052fa       0x1a ./Drivers/STM32F2xx_HAL_Driver/Src/stm32f2xx_hal_i2c.o
                0x00000000080052fa                HAL_I2C_AddrCallback
 .text.HAL_I2C_ListenCpltCallback
                0x0000000008005314       0x12 ./Drivers/STM32F2xx_HAL_Driver/Src/stm32f2xx_hal_i2c.o
                0x0000000008005314                HAL_I2C_ListenCpltCallback
 .text.HAL_I2C_MemRxCpltCallback
                0x0000000008005326       0x12 ./Drivers/STM32F2xx_HAL_Driver/Src/stm32f2xx_hal_i2c.o
                0x0000000008005326                HAL_I2C_MemRxCpltCallback
 .text.HAL_I2C_ErrorCallback
                0x0000000008005338       0x12 ./Drivers/STM32F2xx_HAL_Driver/Src/stm32f2xx_hal_i2c.o
                0x0000000008005338                HAL_I2C_ErrorCallback
 .text.HAL_I2C_AbortCpltCallback
                0x000000000800534a       0x12 ./Drivers/STM32F2xx_HAL_Driver/Src/stm32f2xx_hal_i2c.o
                0x000000000800534a                HAL_I2C_AbortCpltCallback
 .text.I2C_MasterTransmit_TXE
                0x000000000800535c      0x138 ./Drivers/STM32F2xx_HAL_Driver/Src/stm32f2xx_hal_i2c.o
 .text.I2C_MasterTransmit_BTF
                0x0000000008005494       0xec ./Drivers/STM32F2xx_HAL_Driver/Src/stm32f2xx_hal_i2c.o
 .text.I2C_MemoryTransmit_TXE_BTF
                0x0000000008005580      0x130 ./Drivers/STM32F2xx_HAL_Driver/Src/stm32f2xx_hal_i2c.o
 .text.I2C_MasterReceive_RXNE
                0x00000000080056b0      0x176 ./Drivers/STM32F2xx_HAL_Driver/Src/stm32f2xx_hal_i2c.o
 .text.I2C_MasterReceive_BTF
                0x0000000008005826      0x1d4 ./Drivers/STM32F2xx_HAL_Driver/Src/stm32f2xx_hal_i2c.o
 .text.I2C_Master_SB
                0x00000000080059fa      0x10a ./Drivers/STM32F2xx_HAL_Driver/Src/stm32f2xx_hal_i2c.o
 .text.I2C_Master_ADD10
                0x0000000008005b04       0x52 ./Drivers/STM32F2xx_HAL_Driver/Src/stm32f2xx_hal_i2c.o
 .text.I2C_Master_ADDR
                0x0000000008005b56      0x320 ./Drivers/STM32F2xx_HAL_Driver/Src/stm32f2xx_hal_i2c.o
 .text.I2C_SlaveTransmit_TXE
                0x0000000008005e76       0x7a ./Drivers/STM32F2xx_HAL_Driver/Src/stm32f2xx_hal_i2c.o
 .text.I2C_SlaveTransmit_BTF
                0x0000000008005ef0       0x40 ./Drivers/STM32F2xx_HAL_Driver/Src/stm32f2xx_hal_i2c.o
 .text.I2C_SlaveReceive_RXNE
                0x0000000008005f30       0x7c ./Drivers/STM32F2xx_HAL_Driver/Src/stm32f2xx_hal_i2c.o
 .text.I2C_SlaveReceive_BTF
                0x0000000008005fac       0x42 ./Drivers/STM32F2xx_HAL_Driver/Src/stm32f2xx_hal_i2c.o
 .text.I2C_Slave_ADDR
                0x0000000008005fee       0x94 ./Drivers/STM32F2xx_HAL_Driver/Src/stm32f2xx_hal_i2c.o
 *fill*         0x0000000008006082        0x2 
 .text.I2C_Slave_STOPF
                0x0000000008006084      0x260 ./Drivers/STM32F2xx_HAL_Driver/Src/stm32f2xx_hal_i2c.o
 .text.I2C_ITError
                0x00000000080062e4      0x264 ./Drivers/STM32F2xx_HAL_Driver/Src/stm32f2xx_hal_i2c.o
 .text.I2C_DMAAbort
                0x0000000008006548      0x150 ./Drivers/STM32F2xx_HAL_Driver/Src/stm32f2xx_hal_i2c.o
 .text.I2C_WaitOnSTOPRequestThroughIT
                0x0000000008006698       0x64 ./Drivers/STM32F2xx_HAL_Driver/Src/stm32f2xx_hal_i2c.o
 .text.I2C_ConvertOtherXferOptions
                0x00000000080066fc       0x34 ./Drivers/STM32F2xx_HAL_Driver/Src/stm32f2xx_hal_i2c.o
 .text.HAL_RCC_OscConfig
                0x0000000008006730      0x4a8 ./Drivers/STM32F2xx_HAL_Driver/Src/stm32f2xx_hal_rcc.o
                0x0000000008006730                HAL_RCC_OscConfig
 .text.HAL_RCC_ClockConfig
                0x0000000008006bd8      0x1d8 ./Drivers/STM32F2xx_HAL_Driver/Src/stm32f2xx_hal_rcc.o
                0x0000000008006bd8                HAL_RCC_ClockConfig
 .text.HAL_RCC_GetSysClockFreq
                0x0000000008006db0      0x218 ./Drivers/STM32F2xx_HAL_Driver/Src/stm32f2xx_hal_rcc.o
                0x0000000008006db0                HAL_RCC_GetSysClockFreq
 .text.HAL_RCC_GetHCLKFreq
                0x0000000008006fc8       0x14 ./Drivers/STM32F2xx_HAL_Driver/Src/stm32f2xx_hal_rcc.o
                0x0000000008006fc8                HAL_RCC_GetHCLKFreq
 .text.HAL_RCC_GetPCLK1Freq
                0x0000000008006fdc       0x44 ./Drivers/STM32F2xx_HAL_Driver/Src/stm32f2xx_hal_rcc.o
                0x0000000008006fdc                HAL_RCC_GetPCLK1Freq
 .text.HAL_RCC_GetPCLK2Freq
                0x0000000008007020       0x44 ./Drivers/STM32F2xx_HAL_Driver/Src/stm32f2xx_hal_rcc.o
                0x0000000008007020                HAL_RCC_GetPCLK2Freq
 .text.HAL_TIM_Base_Init
                0x0000000008007064       0x9e ./Drivers/STM32F2xx_HAL_Driver/Src/stm32f2xx_hal_tim.o
                0x0000000008007064                HAL_TIM_Base_Init
 .text.HAL_TIM_Base_Stop_IT
                0x0000000008007102       0x5c ./Drivers/STM32F2xx_HAL_Driver/Src/stm32f2xx_hal_tim.o
                0x0000000008007102                HAL_TIM_Base_Stop_IT
 .text.HAL_TIM_OC_Init
                0x000000000800715e       0x9e ./Drivers/STM32F2xx_HAL_Driver/Src/stm32f2xx_hal_tim.o
                0x000000000800715e                HAL_TIM_OC_Init
 .text.HAL_TIM_PWM_Init
                0x00000000080071fc       0x9e ./Drivers/STM32F2xx_HAL_Driver/Src/stm32f2xx_hal_tim.o
                0x00000000080071fc                HAL_TIM_PWM_Init
 .text.HAL_TIM_PWM_MspInit
                0x000000000800729a       0x12 ./Drivers/STM32F2xx_HAL_Driver/Src/stm32f2xx_hal_tim.o
                0x000000000800729a                HAL_TIM_PWM_MspInit
 .text.HAL_TIM_PWM_Start
                0x00000000080072ac      0x190 ./Drivers/STM32F2xx_HAL_Driver/Src/stm32f2xx_hal_tim.o
                0x00000000080072ac                HAL_TIM_PWM_Start
 .text.HAL_TIM_PWM_Stop
                0x000000000800743c       0xe0 ./Drivers/STM32F2xx_HAL_Driver/Src/stm32f2xx_hal_tim.o
                0x000000000800743c                HAL_TIM_PWM_Stop
 .text.HAL_TIM_IRQHandler
                0x000000000800751c      0x210 ./Drivers/STM32F2xx_HAL_Driver/Src/stm32f2xx_hal_tim.o
                0x000000000800751c                HAL_TIM_IRQHandler
 .text.HAL_TIM_OC_ConfigChannel
                0x000000000800772c       0xb8 ./Drivers/STM32F2xx_HAL_Driver/Src/stm32f2xx_hal_tim.o
                0x000000000800772c                HAL_TIM_OC_ConfigChannel
 .text.HAL_TIM_PWM_ConfigChannel
                0x00000000080077e4      0x184 ./Drivers/STM32F2xx_HAL_Driver/Src/stm32f2xx_hal_tim.o
                0x00000000080077e4                HAL_TIM_PWM_ConfigChannel
 .text.HAL_TIM_ConfigClockSource
                0x0000000008007968      0x18e ./Drivers/STM32F2xx_HAL_Driver/Src/stm32f2xx_hal_tim.o
                0x0000000008007968                HAL_TIM_ConfigClockSource
 .text.HAL_TIM_OC_DelayElapsedCallback
                0x0000000008007af6       0x12 ./Drivers/STM32F2xx_HAL_Driver/Src/stm32f2xx_hal_tim.o
                0x0000000008007af6                HAL_TIM_OC_DelayElapsedCallback
 .text.HAL_TIM_IC_CaptureCallback
                0x0000000008007b08       0x12 ./Drivers/STM32F2xx_HAL_Driver/Src/stm32f2xx_hal_tim.o
                0x0000000008007b08                HAL_TIM_IC_CaptureCallback
 .text.HAL_TIM_PWM_PulseFinishedCallback
                0x0000000008007b1a       0x12 ./Drivers/STM32F2xx_HAL_Driver/Src/stm32f2xx_hal_tim.o
                0x0000000008007b1a                HAL_TIM_PWM_PulseFinishedCallback
 .text.HAL_TIM_TriggerCallback
                0x0000000008007b2c       0x12 ./Drivers/STM32F2xx_HAL_Driver/Src/stm32f2xx_hal_tim.o
                0x0000000008007b2c                HAL_TIM_TriggerCallback
 *fill*         0x0000000008007b3e        0x2 
 .text.TIM_Base_SetConfig
                0x0000000008007b40      0x13c ./Drivers/STM32F2xx_HAL_Driver/Src/stm32f2xx_hal_tim.o
                0x0000000008007b40                TIM_Base_SetConfig
 .text.TIM_OC1_SetConfig
                0x0000000008007c7c       0xe0 ./Drivers/STM32F2xx_HAL_Driver/Src/stm32f2xx_hal_tim.o
 .text.TIM_OC2_SetConfig
                0x0000000008007d5c       0xe8 ./Drivers/STM32F2xx_HAL_Driver/Src/stm32f2xx_hal_tim.o
                0x0000000008007d5c                TIM_OC2_SetConfig
 .text.TIM_OC3_SetConfig
                0x0000000008007e44       0xe8 ./Drivers/STM32F2xx_HAL_Driver/Src/stm32f2xx_hal_tim.o
 .text.TIM_OC4_SetConfig
                0x0000000008007f2c       0xa8 ./Drivers/STM32F2xx_HAL_Driver/Src/stm32f2xx_hal_tim.o
 .text.TIM_TI1_ConfigInputStage
                0x0000000008007fd4       0x5c ./Drivers/STM32F2xx_HAL_Driver/Src/stm32f2xx_hal_tim.o
 .text.TIM_TI2_ConfigInputStage
                0x0000000008008030       0x5e ./Drivers/STM32F2xx_HAL_Driver/Src/stm32f2xx_hal_tim.o
 .text.TIM_ITRx_SetConfig
                0x000000000800808e       0x34 ./Drivers/STM32F2xx_HAL_Driver/Src/stm32f2xx_hal_tim.o
 .text.TIM_ETR_SetConfig
                0x00000000080080c2       0x3e ./Drivers/STM32F2xx_HAL_Driver/Src/stm32f2xx_hal_tim.o
                0x00000000080080c2                TIM_ETR_SetConfig
 .text.TIM_CCxChannelCmd
                0x0000000008008100       0x48 ./Drivers/STM32F2xx_HAL_Driver/Src/stm32f2xx_hal_tim.o
                0x0000000008008100                TIM_CCxChannelCmd
 .text.HAL_TIMEx_PWMN_Start
                0x0000000008008148      0x174 ./Drivers/STM32F2xx_HAL_Driver/Src/stm32f2xx_hal_tim_ex.o
                0x0000000008008148                HAL_TIMEx_PWMN_Start
 .text.HAL_TIMEx_PWMN_Stop
                0x00000000080082bc       0xba ./Drivers/STM32F2xx_HAL_Driver/Src/stm32f2xx_hal_tim_ex.o
                0x00000000080082bc                HAL_TIMEx_PWMN_Stop
 *fill*         0x0000000008008376        0x2 
 .text.HAL_TIMEx_MasterConfigSynchronization
                0x0000000008008378       0xf4 ./Drivers/STM32F2xx_HAL_Driver/Src/stm32f2xx_hal_tim_ex.o
                0x0000000008008378                HAL_TIMEx_MasterConfigSynchronization
 .text.HAL_TIMEx_ConfigBreakDeadTime
                0x000000000800846c       0xa2 ./Drivers/STM32F2xx_HAL_Driver/Src/stm32f2xx_hal_tim_ex.o
                0x000000000800846c                HAL_TIMEx_ConfigBreakDeadTime
 .text.HAL_TIMEx_CommutCallback
                0x000000000800850e       0x12 ./Drivers/STM32F2xx_HAL_Driver/Src/stm32f2xx_hal_tim_ex.o
                0x000000000800850e                HAL_TIMEx_CommutCallback
 .text.HAL_TIMEx_BreakCallback
                0x0000000008008520       0x12 ./Drivers/STM32F2xx_HAL_Driver/Src/stm32f2xx_hal_tim_ex.o
                0x0000000008008520                HAL_TIMEx_BreakCallback
 .text.TIM_CCxNChannelCmd
                0x0000000008008532       0x48 ./Drivers/STM32F2xx_HAL_Driver/Src/stm32f2xx_hal_tim_ex.o
 .text.HAL_UART_Init
                0x000000000800857a       0xa0 ./Drivers/STM32F2xx_HAL_Driver/Src/stm32f2xx_hal_uart.o
                0x000000000800857a                HAL_UART_Init
 *fill*         0x000000000800861a        0x2 
 .text.HAL_UART_IRQHandler
                0x000000000800861c      0x524 ./Drivers/STM32F2xx_HAL_Driver/Src/stm32f2xx_hal_uart.o
                0x000000000800861c                HAL_UART_IRQHandler
 .text.HAL_UART_RxCpltCallback
                0x0000000008008b40       0x12 ./Drivers/STM32F2xx_HAL_Driver/Src/stm32f2xx_hal_uart.o
                0x0000000008008b40                HAL_UART_RxCpltCallback
 .text.HAL_UART_ErrorCallback
                0x0000000008008b52       0x12 ./Drivers/STM32F2xx_HAL_Driver/Src/stm32f2xx_hal_uart.o
                0x0000000008008b52                HAL_UART_ErrorCallback
 .text.HAL_UARTEx_RxEventCallback
                0x0000000008008b64       0x16 ./Drivers/STM32F2xx_HAL_Driver/Src/stm32f2xx_hal_uart.o
                0x0000000008008b64                HAL_UARTEx_RxEventCallback
 .text.UART_EndRxTransfer
                0x0000000008008b7a       0xc4 ./Drivers/STM32F2xx_HAL_Driver/Src/stm32f2xx_hal_uart.o
 .text.UART_DMAAbortOnError
                0x0000000008008c3e       0x28 ./Drivers/STM32F2xx_HAL_Driver/Src/stm32f2xx_hal_uart.o
 .text.UART_Transmit_IT
                0x0000000008008c66       0x9e ./Drivers/STM32F2xx_HAL_Driver/Src/stm32f2xx_hal_uart.o
 .text.UART_EndTransmit_IT
                0x0000000008008d04       0x30 ./Drivers/STM32F2xx_HAL_Driver/Src/stm32f2xx_hal_uart.o
 .text.UART_Receive_IT
                0x0000000008008d34      0x17c ./Drivers/STM32F2xx_HAL_Driver/Src/stm32f2xx_hal_uart.o
 .text.UART_SetConfig
                0x0000000008008eb0      0x1d4 ./Drivers/STM32F2xx_HAL_Driver/Src/stm32f2xx_hal_uart.o
 .text.__errno  0x0000000008009084        0xc c:/programs/stm32cubeide_1.12.0/stm32cubeide/plugins/com.st.stm32cube.ide.mcu.externaltools.gnu-tools-for-stm32.10.3-2021.10.win32_1.0.200.202301161003/tools/bin/../lib/gcc/arm-none-eabi/10.3.1/../../../../arm-none-eabi/lib/thumb/v7-m/nofp\libc_nano.a(lib_a-errno.o)
                0x0000000008009084                __errno
 .text.__libc_init_array
                0x0000000008009090       0x48 c:/programs/stm32cubeide_1.12.0/stm32cubeide/plugins/com.st.stm32cube.ide.mcu.externaltools.gnu-tools-for-stm32.10.3-2021.10.win32_1.0.200.202301161003/tools/bin/../lib/gcc/arm-none-eabi/10.3.1/../../../../arm-none-eabi/lib/thumb/v7-m/nofp\libc_nano.a(lib_a-init.o)
                0x0000000008009090                __libc_init_array
 .text.memset   0x00000000080090d8       0x10 c:/programs/stm32cubeide_1.12.0/stm32cubeide/plugins/com.st.stm32cube.ide.mcu.externaltools.gnu-tools-for-stm32.10.3-2021.10.win32_1.0.200.202301161003/tools/bin/../lib/gcc/arm-none-eabi/10.3.1/../../../../arm-none-eabi/lib/thumb/v7-m/nofp\libc_nano.a(lib_a-memset.o)
                0x00000000080090d8                memset
 .text.sin      0x00000000080090e8       0x8c c:/programs/stm32cubeide_1.12.0/stm32cubeide/plugins/com.st.stm32cube.ide.mcu.externaltools.gnu-tools-for-stm32.10.3-2021.10.win32_1.0.200.202301161003/tools/bin/../lib/gcc/arm-none-eabi/10.3.1/../../../../arm-none-eabi/lib/thumb/v7-m/nofp\libm.a(lib_a-s_sin.o)
                0x00000000080090e8                sin
 .text.remainder
                0x0000000008009174       0x48 c:/programs/stm32cubeide_1.12.0/stm32cubeide/plugins/com.st.stm32cube.ide.mcu.externaltools.gnu-tools-for-stm32.10.3-2021.10.win32_1.0.200.202301161003/tools/bin/../lib/gcc/arm-none-eabi/10.3.1/../../../../arm-none-eabi/lib/thumb/v7-m/nofp\libm.a(lib_a-w_remainder.o)
                0x0000000008009174                remainder
 *fill*         0x00000000080091bc        0x4 
 .text.__ieee754_rem_pio2
                0x00000000080091c0      0x3f0 c:/programs/stm32cubeide_1.12.0/stm32cubeide/plugins/com.st.stm32cube.ide.mcu.externaltools.gnu-tools-for-stm32.10.3-2021.10.win32_1.0.200.202301161003/tools/bin/../lib/gcc/arm-none-eabi/10.3.1/../../../../arm-none-eabi/lib/thumb/v7-m/nofp\libm.a(lib_a-e_rem_pio2.o)
                0x00000000080091c0                __ieee754_rem_pio2
 .text.__ieee754_remainder
                0x00000000080095b0      0x150 c:/programs/stm32cubeide_1.12.0/stm32cubeide/plugins/com.st.stm32cube.ide.mcu.externaltools.gnu-tools-for-stm32.10.3-2021.10.win32_1.0.200.202301161003/tools/bin/../lib/gcc/arm-none-eabi/10.3.1/../../../../arm-none-eabi/lib/thumb/v7-m/nofp\libm.a(lib_a-e_remainder.o)
                0x00000000080095b0                __ieee754_remainder
 .text.__kernel_cos
                0x0000000008009700      0x17c c:/programs/stm32cubeide_1.12.0/stm32cubeide/plugins/com.st.stm32cube.ide.mcu.externaltools.gnu-tools-for-stm32.10.3-2021.10.win32_1.0.200.202301161003/tools/bin/../lib/gcc/arm-none-eabi/10.3.1/../../../../arm-none-eabi/lib/thumb/v7-m/nofp\libm.a(lib_a-k_cos.o)
                0x0000000008009700                __kernel_cos
 .text.__kernel_rem_pio2
                0x000000000800987c      0x684 c:/programs/stm32cubeide_1.12.0/stm32cubeide/plugins/com.st.stm32cube.ide.mcu.externaltools.gnu-tools-for-stm32.10.3-2021.10.win32_1.0.200.202301161003/tools/bin/../lib/gcc/arm-none-eabi/10.3.1/../../../../arm-none-eabi/lib/thumb/v7-m/nofp\libm.a(lib_a-k_rem_pio2.o)
                0x000000000800987c                __kernel_rem_pio2
 .text.__kernel_sin
                0x0000000008009f00      0x16c c:/programs/stm32cubeide_1.12.0/stm32cubeide/plugins/com.st.stm32cube.ide.mcu.externaltools.gnu-tools-for-stm32.10.3-2021.10.win32_1.0.200.202301161003/tools/bin/../lib/gcc/arm-none-eabi/10.3.1/../../../../arm-none-eabi/lib/thumb/v7-m/nofp\libm.a(lib_a-k_sin.o)
                0x0000000008009f00                __kernel_sin
 .text.fabs     0x000000000800a06c        0x6 c:/programs/stm32cubeide_1.12.0/stm32cubeide/plugins/com.st.stm32cube.ide.mcu.externaltools.gnu-tools-for-stm32.10.3-2021.10.win32_1.0.200.202301161003/tools/bin/../lib/gcc/arm-none-eabi/10.3.1/../../../../arm-none-eabi/lib/thumb/v7-m/nofp\libm.a(lib_a-s_fabs.o)
                0x000000000800a06c                fabs
 *fill*         0x000000000800a072        0x6 
 .text.floor    0x000000000800a078      0x100 c:/programs/stm32cubeide_1.12.0/stm32cubeide/plugins/com.st.stm32cube.ide.mcu.externaltools.gnu-tools-for-stm32.10.3-2021.10.win32_1.0.200.202301161003/tools/bin/../lib/gcc/arm-none-eabi/10.3.1/../../../../arm-none-eabi/lib/thumb/v7-m/nofp\libm.a(lib_a-s_floor.o)
                0x000000000800a078                floor
 .text.scalbn   0x000000000800a178       0xfc c:/programs/stm32cubeide_1.12.0/stm32cubeide/plugins/com.st.stm32cube.ide.mcu.externaltools.gnu-tools-for-stm32.10.3-2021.10.win32_1.0.200.202301161003/tools/bin/../lib/gcc/arm-none-eabi/10.3.1/../../../../arm-none-eabi/lib/thumb/v7-m/nofp\libm.a(lib_a-s_scalbn.o)
                0x000000000800a178                scalbn
 .text.__ieee754_fmod
                0x000000000800a274      0x220 c:/programs/stm32cubeide_1.12.0/stm32cubeide/plugins/com.st.stm32cube.ide.mcu.externaltools.gnu-tools-for-stm32.10.3-2021.10.win32_1.0.200.202301161003/tools/bin/../lib/gcc/arm-none-eabi/10.3.1/../../../../arm-none-eabi/lib/thumb/v7-m/nofp\libm.a(lib_a-e_fmod.o)
                0x000000000800a274                __ieee754_fmod
 *(.glue_7)
 .glue_7        0x000000000800a494        0x0 linker stubs
 *(.glue_7t)
 .glue_7t       0x000000000800a494        0x0 linker stubs
 *(.eh_frame)
 .eh_frame      0x000000000800a494        0x0 c:/programs/stm32cubeide_1.12.0/stm32cubeide/plugins/com.st.stm32cube.ide.mcu.externaltools.gnu-tools-for-stm32.10.3-2021.10.win32_1.0.200.202301161003/tools/bin/../lib/gcc/arm-none-eabi/10.3.1/thumb/v7-m/nofp/crtbegin.o
 *(.init)
 .init          0x000000000800a494        0x4 c:/programs/stm32cubeide_1.12.0/stm32cubeide/plugins/com.st.stm32cube.ide.mcu.externaltools.gnu-tools-for-stm32.10.3-2021.10.win32_1.0.200.202301161003/tools/bin/../lib/gcc/arm-none-eabi/10.3.1/thumb/v7-m/nofp/crti.o
                0x000000000800a494                _init
 .init          0x000000000800a498        0x8 c:/programs/stm32cubeide_1.12.0/stm32cubeide/plugins/com.st.stm32cube.ide.mcu.externaltools.gnu-tools-for-stm32.10.3-2021.10.win32_1.0.200.202301161003/tools/bin/../lib/gcc/arm-none-eabi/10.3.1/thumb/v7-m/nofp/crtn.o
 *(.fini)
 .fini          0x000000000800a4a0        0x4 c:/programs/stm32cubeide_1.12.0/stm32cubeide/plugins/com.st.stm32cube.ide.mcu.externaltools.gnu-tools-for-stm32.10.3-2021.10.win32_1.0.200.202301161003/tools/bin/../lib/gcc/arm-none-eabi/10.3.1/thumb/v7-m/nofp/crti.o
                0x000000000800a4a0                _fini
 .fini          0x000000000800a4a4        0x8 c:/programs/stm32cubeide_1.12.0/stm32cubeide/plugins/com.st.stm32cube.ide.mcu.externaltools.gnu-tools-for-stm32.10.3-2021.10.win32_1.0.200.202301161003/tools/bin/../lib/gcc/arm-none-eabi/10.3.1/thumb/v7-m/nofp/crtn.o
                0x000000000800a4ac                . = ALIGN (0x4)
                0x000000000800a4ac                _etext = .

.vfp11_veneer   0x000000000800a4ac        0x0
 .vfp11_veneer  0x000000000800a4ac        0x0 linker stubs

.v4_bx          0x000000000800a4ac        0x0
 .v4_bx         0x000000000800a4ac        0x0 linker stubs

.iplt           0x000000000800a4ac        0x0
 .iplt          0x000000000800a4ac        0x0 c:/programs/stm32cubeide_1.12.0/stm32cubeide/plugins/com.st.stm32cube.ide.mcu.externaltools.gnu-tools-for-stm32.10.3-2021.10.win32_1.0.200.202301161003/tools/bin/../lib/gcc/arm-none-eabi/10.3.1/thumb/v7-m/nofp/crtbegin.o

.rodata         0x000000000800a4b0      0x208
                0x000000000800a4b0                . = ALIGN (0x4)
 *(.rodata)
 *(.rodata*)
 .rodata.AHBPrescTable
                0x000000000800a4b0       0x10 ./Core/Src/system_stm32f2xx.o
                0x000000000800a4b0                AHBPrescTable
 .rodata.APBPrescTable
                0x000000000800a4c0        0x8 ./Core/Src/system_stm32f2xx.o
                0x000000000800a4c0                APBPrescTable
 .rodata.flagBitshiftOffset.0
                0x000000000800a4c8        0x8 ./Drivers/STM32F2xx_HAL_Driver/Src/stm32f2xx_hal_dma.o
 .rodata.npio2_hw
                0x000000000800a4d0       0x80 c:/programs/stm32cubeide_1.12.0/stm32cubeide/plugins/com.st.stm32cube.ide.mcu.externaltools.gnu-tools-for-stm32.10.3-2021.10.win32_1.0.200.202301161003/tools/bin/../lib/gcc/arm-none-eabi/10.3.1/../../../../arm-none-eabi/lib/thumb/v7-m/nofp\libm.a(lib_a-e_rem_pio2.o)
 .rodata.two_over_pi
                0x000000000800a550      0x108 c:/programs/stm32cubeide_1.12.0/stm32cubeide/plugins/com.st.stm32cube.ide.mcu.externaltools.gnu-tools-for-stm32.10.3-2021.10.win32_1.0.200.202301161003/tools/bin/../lib/gcc/arm-none-eabi/10.3.1/../../../../arm-none-eabi/lib/thumb/v7-m/nofp\libm.a(lib_a-e_rem_pio2.o)
 .rodata.PIo2   0x000000000800a658       0x40 c:/programs/stm32cubeide_1.12.0/stm32cubeide/plugins/com.st.stm32cube.ide.mcu.externaltools.gnu-tools-for-stm32.10.3-2021.10.win32_1.0.200.202301161003/tools/bin/../lib/gcc/arm-none-eabi/10.3.1/../../../../arm-none-eabi/lib/thumb/v7-m/nofp\libm.a(lib_a-k_rem_pio2.o)
 .rodata.init_jk
                0x000000000800a698       0x10 c:/programs/stm32cubeide_1.12.0/stm32cubeide/plugins/com.st.stm32cube.ide.mcu.externaltools.gnu-tools-for-stm32.10.3-2021.10.win32_1.0.200.202301161003/tools/bin/../lib/gcc/arm-none-eabi/10.3.1/../../../../arm-none-eabi/lib/thumb/v7-m/nofp\libm.a(lib_a-k_rem_pio2.o)
 .rodata.Zero   0x000000000800a6a8       0x10 c:/programs/stm32cubeide_1.12.0/stm32cubeide/plugins/com.st.stm32cube.ide.mcu.externaltools.gnu-tools-for-stm32.10.3-2021.10.win32_1.0.200.202301161003/tools/bin/../lib/gcc/arm-none-eabi/10.3.1/../../../../arm-none-eabi/lib/thumb/v7-m/nofp\libm.a(lib_a-e_fmod.o)
                0x000000000800a6b8                . = ALIGN (0x4)

.ARM.extab      0x000000000800a6b8        0x0
                0x000000000800a6b8                . = ALIGN (0x4)
 *(.ARM.extab* .gnu.linkonce.armextab.*)
                0x000000000800a6b8                . = ALIGN (0x4)

.ARM            0x000000000800a6b8        0x8
                0x000000000800a6b8                . = ALIGN (0x4)
                0x000000000800a6b8                __exidx_start = .
 *(.ARM.exidx*)
 .ARM.exidx     0x000000000800a6b8        0x8 c:/programs/stm32cubeide_1.12.0/stm32cubeide/plugins/com.st.stm32cube.ide.mcu.externaltools.gnu-tools-for-stm32.10.3-2021.10.win32_1.0.200.202301161003/tools/bin/../lib/gcc/arm-none-eabi/10.3.1/thumb/v7-m/nofp\libgcc.a(_udivmoddi4.o)
                0x000000000800a6c0                __exidx_end = .
                0x000000000800a6c0                . = ALIGN (0x4)

.rel.dyn        0x000000000800a6c0        0x0
 .rel.iplt      0x000000000800a6c0        0x0 c:/programs/stm32cubeide_1.12.0/stm32cubeide/plugins/com.st.stm32cube.ide.mcu.externaltools.gnu-tools-for-stm32.10.3-2021.10.win32_1.0.200.202301161003/tools/bin/../lib/gcc/arm-none-eabi/10.3.1/thumb/v7-m/nofp/crtbegin.o

.preinit_array  0x000000000800a6c0        0x0
                0x000000000800a6c0                . = ALIGN (0x4)
                0x000000000800a6c0                PROVIDE (__preinit_array_start = .)
 *(.preinit_array*)
                0x000000000800a6c0                PROVIDE (__preinit_array_end = .)
                0x000000000800a6c0                . = ALIGN (0x4)

.init_array     0x000000000800a6c0        0x4
                0x000000000800a6c0                . = ALIGN (0x4)
                0x000000000800a6c0                PROVIDE (__init_array_start = .)
 *(SORT_BY_NAME(.init_array.*))
 *(.init_array*)
 .init_array    0x000000000800a6c0        0x4 c:/programs/stm32cubeide_1.12.0/stm32cubeide/plugins/com.st.stm32cube.ide.mcu.externaltools.gnu-tools-for-stm32.10.3-2021.10.win32_1.0.200.202301161003/tools/bin/../lib/gcc/arm-none-eabi/10.3.1/thumb/v7-m/nofp/crtbegin.o
                0x000000000800a6c4                PROVIDE (__init_array_end = .)
                0x000000000800a6c4                . = ALIGN (0x4)

.fini_array     0x000000000800a6c4        0x4
                0x000000000800a6c4                . = ALIGN (0x4)
                [!provide]                        PROVIDE (__fini_array_start = .)
 *(SORT_BY_NAME(.fini_array.*))
 *(.fini_array*)
 .fini_array    0x000000000800a6c4        0x4 c:/programs/stm32cubeide_1.12.0/stm32cubeide/plugins/com.st.stm32cube.ide.mcu.externaltools.gnu-tools-for-stm32.10.3-2021.10.win32_1.0.200.202301161003/tools/bin/../lib/gcc/arm-none-eabi/10.3.1/thumb/v7-m/nofp/crtbegin.o
                [!provide]                        PROVIDE (__fini_array_end = .)
                0x000000000800a6c8                . = ALIGN (0x4)
                0x000000000800a6c8                _sidata = LOADADDR (.data)

.data           0x0000000020000000       0x98 load address 0x000000000800a6c8
                0x0000000020000000                . = ALIGN (0x4)
                0x0000000020000000                _sdata = .
 *(.data)
 *(.data*)
 .data.k1       0x0000000020000000        0x4 ./Core/Src/main.o
                0x0000000020000000                k1
 .data.dimensional_factor
                0x0000000020000004        0x4 ./Core/Src/main.o
                0x0000000020000004                dimensional_factor
 .data.offset   0x0000000020000008        0x4 ./Core/Src/main.o
                0x0000000020000008                offset
 .data.mode_arr
                0x000000002000000c       0x18 ./Core/Src/main.o
                0x000000002000000c                mode_arr
 .data.Sensitivity_I
                0x0000000020000024        0x4 ./Core/Src/main.o
                0x0000000020000024                Sensitivity_I
 .data.SystemCoreClock
                0x0000000020000028        0x4 ./Core/Src/system_stm32f2xx.o
                0x0000000020000028                SystemCoreClock
 .data.uwTickPrio
                0x000000002000002c        0x4 ./Drivers/STM32F2xx_HAL_Driver/Src/stm32f2xx_hal.o
                0x000000002000002c                uwTickPrio
 .data.uwTickFreq
                0x0000000020000030        0x1 ./Drivers/STM32F2xx_HAL_Driver/Src/stm32f2xx_hal.o
                0x0000000020000030                uwTickFreq
 *fill*         0x0000000020000031        0x3 
 .data._impure_ptr
                0x0000000020000034        0x4 c:/programs/stm32cubeide_1.12.0/stm32cubeide/plugins/com.st.stm32cube.ide.mcu.externaltools.gnu-tools-for-stm32.10.3-2021.10.win32_1.0.200.202301161003/tools/bin/../lib/gcc/arm-none-eabi/10.3.1/../../../../arm-none-eabi/lib/thumb/v7-m/nofp\libc_nano.a(lib_a-impure.o)
                0x0000000020000034                _impure_ptr
 .data.impure_data
                0x0000000020000038       0x60 c:/programs/stm32cubeide_1.12.0/stm32cubeide/plugins/com.st.stm32cube.ide.mcu.externaltools.gnu-tools-for-stm32.10.3-2021.10.win32_1.0.200.202301161003/tools/bin/../lib/gcc/arm-none-eabi/10.3.1/../../../../arm-none-eabi/lib/thumb/v7-m/nofp\libc_nano.a(lib_a-impure.o)
 *(.RamFunc)
 *(.RamFunc*)
                0x0000000020000098                . = ALIGN (0x4)
                0x0000000020000098                _edata = .

.igot.plt       0x0000000020000098        0x0 load address 0x000000000800a760
 .igot.plt      0x0000000020000098        0x0 c:/programs/stm32cubeide_1.12.0/stm32cubeide/plugins/com.st.stm32cube.ide.mcu.externaltools.gnu-tools-for-stm32.10.3-2021.10.win32_1.0.200.202301161003/tools/bin/../lib/gcc/arm-none-eabi/10.3.1/thumb/v7-m/nofp/crtbegin.o
                0x0000000020000098                . = ALIGN (0x4)

.bss            0x0000000020000098      0x3b0 load address 0x000000000800a760
                0x0000000020000098                _sbss = .
                0x0000000020000098                __bss_start__ = _sbss
 *(.bss)
 .bss           0x0000000020000098       0x1c c:/programs/stm32cubeide_1.12.0/stm32cubeide/plugins/com.st.stm32cube.ide.mcu.externaltools.gnu-tools-for-stm32.10.3-2021.10.win32_1.0.200.202301161003/tools/bin/../lib/gcc/arm-none-eabi/10.3.1/thumb/v7-m/nofp/crtbegin.o
 *(.bss*)
 .bss.hadc1     0x00000000200000b4       0x48 ./Core/Src/main.o
                0x00000000200000b4                hadc1
 .bss.hdma_adc1
                0x00000000200000fc       0x60 ./Core/Src/main.o
                0x00000000200000fc                hdma_adc1
 .bss.hi2c3     0x000000002000015c       0x54 ./Core/Src/main.o
                0x000000002000015c                hi2c3
 .bss.hdma_i2c3_tx
                0x00000000200001b0       0x60 ./Core/Src/main.o
                0x00000000200001b0                hdma_i2c3_tx
 .bss.htim1     0x0000000020000210       0x48 ./Core/Src/main.o
                0x0000000020000210                htim1
 .bss.htim4     0x0000000020000258       0x48 ./Core/Src/main.o
                0x0000000020000258                htim4
 .bss.htim8     0x00000000200002a0       0x48 ./Core/Src/main.o
                0x00000000200002a0                htim8
 .bss.htim12    0x00000000200002e8       0x48 ./Core/Src/main.o
                0x00000000200002e8                htim12
 .bss.htim13    0x0000000020000330       0x48 ./Core/Src/main.o
                0x0000000020000330                htim13
 .bss.htim14    0x0000000020000378       0x48 ./Core/Src/main.o
                0x0000000020000378                htim14
 .bss.huart3    0x00000000200003c0       0x48 ./Core/Src/main.o
                0x00000000200003c0                huart3
 .bss.delta     0x0000000020000408        0x4 ./Core/Src/main.o
                0x0000000020000408                delta
 .bss.U_PWM     0x000000002000040c        0x4 ./Core/Src/main.o
                0x000000002000040c                U_PWM
 .bss.V_PWM     0x0000000020000410        0x4 ./Core/Src/main.o
                0x0000000020000410                V_PWM
 .bss.W_PWM     0x0000000020000414        0x4 ./Core/Src/main.o
                0x0000000020000414                W_PWM
 .bss.target_angle
                0x0000000020000418        0x4 ./Core/Src/main.o
                0x0000000020000418                target_angle
 .bss.current_angle
                0x000000002000041c        0x4 ./Core/Src/main.o
                0x000000002000041c                current_angle
 .bss.remaining_angle
                0x0000000020000420        0x4 ./Core/Src/main.o
                0x0000000020000420                remaining_angle
 .bss.increment
                0x0000000020000424        0x4 ./Core/Src/main.o
                0x0000000020000424                increment
 .bss.rotor_speed
                0x0000000020000428        0x4 ./Core/Src/main.o
                0x0000000020000428                rotor_speed
 .bss.hal_U     0x000000002000042c        0x1 ./Core/Src/main.o
                0x000000002000042c                hal_U
 .bss.hal_V     0x000000002000042d        0x1 ./Core/Src/main.o
                0x000000002000042d                hal_V
 .bss.hal_W     0x000000002000042e        0x1 ./Core/Src/main.o
                0x000000002000042e                hal_W
 *fill*         0x000000002000042f        0x1 
 .bss.mode      0x0000000020000430        0x2 ./Core/Src/main.o
                0x0000000020000430                mode
 .bss.stator_state
                0x0000000020000432        0x2 ./Core/Src/main.o
                0x0000000020000432                stator_state
 .bss.aRaw      0x0000000020000434        0x6 ./Core/Src/main.o
                0x0000000020000434                aRaw
 .bss.H_I       0x000000002000043a        0x2 ./Core/Src/main.o
                0x000000002000043a                H_I
 .bss.N_I       0x000000002000043c        0x2 ./Core/Src/main.o
                0x000000002000043c                N_I
 .bss.V_I       0x000000002000043e        0x2 ./Core/Src/main.o
                0x000000002000043e                V_I
 .bss.DMA_Flag  0x0000000020000440        0x1 ./Core/Src/main.o
                0x0000000020000440                DMA_Flag
 *fill*         0x0000000020000441        0x3 
 .bss.uwTick    0x0000000020000444        0x4 ./Drivers/STM32F2xx_HAL_Driver/Src/stm32f2xx_hal.o
                0x0000000020000444                uwTick
 *(COMMON)
                0x0000000020000448                . = ALIGN (0x4)
                0x0000000020000448                _ebss = .
                0x0000000020000448                __bss_end__ = _ebss

._user_heap_stack
                0x0000000020000448      0x600 load address 0x000000000800a760
                0x0000000020000448                . = ALIGN (0x8)
                [!provide]                        PROVIDE (end = .)
                0x0000000020000448                PROVIDE (_end = .)
                0x0000000020000648                . = (. + _Min_Heap_Size)
 *fill*         0x0000000020000448      0x200 
                0x0000000020000a48                . = (. + _Min_Stack_Size)
 *fill*         0x0000000020000648      0x400 
                0x0000000020000a48                . = ALIGN (0x8)

/DISCARD/
 libc.a(*)
 libm.a(*)
 libgcc.a(*)

.ARM.attributes
                0x0000000000000000       0x29
 *(.ARM.attributes)
 .ARM.attributes
                0x0000000000000000       0x1d c:/programs/stm32cubeide_1.12.0/stm32cubeide/plugins/com.st.stm32cube.ide.mcu.externaltools.gnu-tools-for-stm32.10.3-2021.10.win32_1.0.200.202301161003/tools/bin/../lib/gcc/arm-none-eabi/10.3.1/thumb/v7-m/nofp/crti.o
 .ARM.attributes
                0x000000000000001d       0x2d c:/programs/stm32cubeide_1.12.0/stm32cubeide/plugins/com.st.stm32cube.ide.mcu.externaltools.gnu-tools-for-stm32.10.3-2021.10.win32_1.0.200.202301161003/tools/bin/../lib/gcc/arm-none-eabi/10.3.1/thumb/v7-m/nofp/crtbegin.o
 .ARM.attributes
                0x000000000000004a       0x2d ./Core/Src/main.o
 .ARM.attributes
                0x0000000000000077       0x2d ./Core/Src/ssd1306.o
 .ARM.attributes
                0x00000000000000a4       0x2d ./Core/Src/stm32f2xx_hal_msp.o
 .ARM.attributes
                0x00000000000000d1       0x2d ./Core/Src/stm32f2xx_it.o
 .ARM.attributes
                0x00000000000000fe       0x2d ./Core/Src/system_stm32f2xx.o
 .ARM.attributes
                0x000000000000012b       0x21 ./Core/Startup/startup_stm32f207vetx.o
 .ARM.attributes
                0x000000000000014c       0x2d ./Drivers/STM32F2xx_HAL_Driver/Src/stm32f2xx_hal.o
 .ARM.attributes
                0x0000000000000179       0x2d ./Drivers/STM32F2xx_HAL_Driver/Src/stm32f2xx_hal_adc.o
 .ARM.attributes
                0x00000000000001a6       0x2d ./Drivers/STM32F2xx_HAL_Driver/Src/stm32f2xx_hal_adc_ex.o
 .ARM.attributes
                0x00000000000001d3       0x2d ./Drivers/STM32F2xx_HAL_Driver/Src/stm32f2xx_hal_cortex.o
 .ARM.attributes
                0x0000000000000200       0x2d ./Drivers/STM32F2xx_HAL_Driver/Src/stm32f2xx_hal_dma.o
 .ARM.attributes
                0x000000000000022d       0x2d ./Drivers/STM32F2xx_HAL_Driver/Src/stm32f2xx_hal_gpio.o
 .ARM.attributes
                0x000000000000025a       0x2d ./Drivers/STM32F2xx_HAL_Driver/Src/stm32f2xx_hal_i2c.o
 .ARM.attributes
                0x0000000000000287       0x2d ./Drivers/STM32F2xx_HAL_Driver/Src/stm32f2xx_hal_rcc.o
 .ARM.attributes
                0x00000000000002b4       0x2d ./Drivers/STM32F2xx_HAL_Driver/Src/stm32f2xx_hal_tim.o
 .ARM.attributes
                0x00000000000002e1       0x2d ./Drivers/STM32F2xx_HAL_Driver/Src/stm32f2xx_hal_tim_ex.o
 .ARM.attributes
                0x000000000000030e       0x2d ./Drivers/STM32F2xx_HAL_Driver/Src/stm32f2xx_hal_uart.o
 .ARM.attributes
                0x000000000000033b       0x2d c:/programs/stm32cubeide_1.12.0/stm32cubeide/plugins/com.st.stm32cube.ide.mcu.externaltools.gnu-tools-for-stm32.10.3-2021.10.win32_1.0.200.202301161003/tools/bin/../lib/gcc/arm-none-eabi/10.3.1/../../../../arm-none-eabi/lib/thumb/v7-m/nofp\libc_nano.a(lib_a-errno.o)
 .ARM.attributes
                0x0000000000000368       0x2d c:/programs/stm32cubeide_1.12.0/stm32cubeide/plugins/com.st.stm32cube.ide.mcu.externaltools.gnu-tools-for-stm32.10.3-2021.10.win32_1.0.200.202301161003/tools/bin/../lib/gcc/arm-none-eabi/10.3.1/../../../../arm-none-eabi/lib/thumb/v7-m/nofp\libc_nano.a(lib_a-impure.o)
 .ARM.attributes
                0x0000000000000395       0x2d c:/programs/stm32cubeide_1.12.0/stm32cubeide/plugins/com.st.stm32cube.ide.mcu.externaltools.gnu-tools-for-stm32.10.3-2021.10.win32_1.0.200.202301161003/tools/bin/../lib/gcc/arm-none-eabi/10.3.1/../../../../arm-none-eabi/lib/thumb/v7-m/nofp\libc_nano.a(lib_a-init.o)
 .ARM.attributes
                0x00000000000003c2       0x2d c:/programs/stm32cubeide_1.12.0/stm32cubeide/plugins/com.st.stm32cube.ide.mcu.externaltools.gnu-tools-for-stm32.10.3-2021.10.win32_1.0.200.202301161003/tools/bin/../lib/gcc/arm-none-eabi/10.3.1/../../../../arm-none-eabi/lib/thumb/v7-m/nofp\libc_nano.a(lib_a-memset.o)
 .ARM.attributes
                0x00000000000003ef       0x2d c:/programs/stm32cubeide_1.12.0/stm32cubeide/plugins/com.st.stm32cube.ide.mcu.externaltools.gnu-tools-for-stm32.10.3-2021.10.win32_1.0.200.202301161003/tools/bin/../lib/gcc/arm-none-eabi/10.3.1/../../../../arm-none-eabi/lib/thumb/v7-m/nofp\libm.a(lib_a-s_sin.o)
 .ARM.attributes
                0x000000000000041c       0x2d c:/programs/stm32cubeide_1.12.0/stm32cubeide/plugins/com.st.stm32cube.ide.mcu.externaltools.gnu-tools-for-stm32.10.3-2021.10.win32_1.0.200.202301161003/tools/bin/../lib/gcc/arm-none-eabi/10.3.1/../../../../arm-none-eabi/lib/thumb/v7-m/nofp\libm.a(lib_a-w_remainder.o)
 .ARM.attributes
                0x0000000000000449       0x2d c:/programs/stm32cubeide_1.12.0/stm32cubeide/plugins/com.st.stm32cube.ide.mcu.externaltools.gnu-tools-for-stm32.10.3-2021.10.win32_1.0.200.202301161003/tools/bin/../lib/gcc/arm-none-eabi/10.3.1/../../../../arm-none-eabi/lib/thumb/v7-m/nofp\libm.a(lib_a-e_rem_pio2.o)
 .ARM.attributes
                0x0000000000000476       0x2d c:/programs/stm32cubeide_1.12.0/stm32cubeide/plugins/com.st.stm32cube.ide.mcu.externaltools.gnu-tools-for-stm32.10.3-2021.10.win32_1.0.200.202301161003/tools/bin/../lib/gcc/arm-none-eabi/10.3.1/../../../../arm-none-eabi/lib/thumb/v7-m/nofp\libm.a(lib_a-e_remainder.o)
 .ARM.attributes
                0x00000000000004a3       0x2d c:/programs/stm32cubeide_1.12.0/stm32cubeide/plugins/com.st.stm32cube.ide.mcu.externaltools.gnu-tools-for-stm32.10.3-2021.10.win32_1.0.200.202301161003/tools/bin/../lib/gcc/arm-none-eabi/10.3.1/../../../../arm-none-eabi/lib/thumb/v7-m/nofp\libm.a(lib_a-k_cos.o)
 .ARM.attributes
                0x00000000000004d0       0x2d c:/programs/stm32cubeide_1.12.0/stm32cubeide/plugins/com.st.stm32cube.ide.mcu.externaltools.gnu-tools-for-stm32.10.3-2021.10.win32_1.0.200.202301161003/tools/bin/../lib/gcc/arm-none-eabi/10.3.1/../../../../arm-none-eabi/lib/thumb/v7-m/nofp\libm.a(lib_a-k_rem_pio2.o)
 .ARM.attributes
                0x00000000000004fd       0x2d c:/programs/stm32cubeide_1.12.0/stm32cubeide/plugins/com.st.stm32cube.ide.mcu.externaltools.gnu-tools-for-stm32.10.3-2021.10.win32_1.0.200.202301161003/tools/bin/../lib/gcc/arm-none-eabi/10.3.1/../../../../arm-none-eabi/lib/thumb/v7-m/nofp\libm.a(lib_a-k_sin.o)
 .ARM.attributes
                0x000000000000052a       0x2d c:/programs/stm32cubeide_1.12.0/stm32cubeide/plugins/com.st.stm32cube.ide.mcu.externaltools.gnu-tools-for-stm32.10.3-2021.10.win32_1.0.200.202301161003/tools/bin/../lib/gcc/arm-none-eabi/10.3.1/../../../../arm-none-eabi/lib/thumb/v7-m/nofp\libm.a(lib_a-s_fabs.o)
 .ARM.attributes
                0x0000000000000557       0x2d c:/programs/stm32cubeide_1.12.0/stm32cubeide/plugins/com.st.stm32cube.ide.mcu.externaltools.gnu-tools-for-stm32.10.3-2021.10.win32_1.0.200.202301161003/tools/bin/../lib/gcc/arm-none-eabi/10.3.1/../../../../arm-none-eabi/lib/thumb/v7-m/nofp\libm.a(lib_a-s_floor.o)
 .ARM.attributes
                0x0000000000000584       0x2d c:/programs/stm32cubeide_1.12.0/stm32cubeide/plugins/com.st.stm32cube.ide.mcu.externaltools.gnu-tools-for-stm32.10.3-2021.10.win32_1.0.200.202301161003/tools/bin/../lib/gcc/arm-none-eabi/10.3.1/../../../../arm-none-eabi/lib/thumb/v7-m/nofp\libm.a(lib_a-s_scalbn.o)
 .ARM.attributes
                0x00000000000005b1       0x2d c:/programs/stm32cubeide_1.12.0/stm32cubeide/plugins/com.st.stm32cube.ide.mcu.externaltools.gnu-tools-for-stm32.10.3-2021.10.win32_1.0.200.202301161003/tools/bin/../lib/gcc/arm-none-eabi/10.3.1/../../../../arm-none-eabi/lib/thumb/v7-m/nofp\libm.a(lib_a-e_fmod.o)
 .ARM.attributes
                0x00000000000005de       0x1d c:/programs/stm32cubeide_1.12.0/stm32cubeide/plugins/com.st.stm32cube.ide.mcu.externaltools.gnu-tools-for-stm32.10.3-2021.10.win32_1.0.200.202301161003/tools/bin/../lib/gcc/arm-none-eabi/10.3.1/thumb/v7-m/nofp\libgcc.a(_arm_addsubdf3.o)
 .ARM.attributes
                0x00000000000005fb       0x1d c:/programs/stm32cubeide_1.12.0/stm32cubeide/plugins/com.st.stm32cube.ide.mcu.externaltools.gnu-tools-for-stm32.10.3-2021.10.win32_1.0.200.202301161003/tools/bin/../lib/gcc/arm-none-eabi/10.3.1/thumb/v7-m/nofp\libgcc.a(_arm_muldivdf3.o)
 .ARM.attributes
                0x0000000000000618       0x1d c:/programs/stm32cubeide_1.12.0/stm32cubeide/plugins/com.st.stm32cube.ide.mcu.externaltools.gnu-tools-for-stm32.10.3-2021.10.win32_1.0.200.202301161003/tools/bin/../lib/gcc/arm-none-eabi/10.3.1/thumb/v7-m/nofp\libgcc.a(_arm_cmpdf2.o)
 .ARM.attributes
                0x0000000000000635       0x1d c:/programs/stm32cubeide_1.12.0/stm32cubeide/plugins/com.st.stm32cube.ide.mcu.externaltools.gnu-tools-for-stm32.10.3-2021.10.win32_1.0.200.202301161003/tools/bin/../lib/gcc/arm-none-eabi/10.3.1/thumb/v7-m/nofp\libgcc.a(_arm_unorddf2.o)
 .ARM.attributes
                0x0000000000000652       0x1d c:/programs/stm32cubeide_1.12.0/stm32cubeide/plugins/com.st.stm32cube.ide.mcu.externaltools.gnu-tools-for-stm32.10.3-2021.10.win32_1.0.200.202301161003/tools/bin/../lib/gcc/arm-none-eabi/10.3.1/thumb/v7-m/nofp\libgcc.a(_arm_fixdfsi.o)
 .ARM.attributes
                0x000000000000066f       0x1d c:/programs/stm32cubeide_1.12.0/stm32cubeide/plugins/com.st.stm32cube.ide.mcu.externaltools.gnu-tools-for-stm32.10.3-2021.10.win32_1.0.200.202301161003/tools/bin/../lib/gcc/arm-none-eabi/10.3.1/thumb/v7-m/nofp\libgcc.a(_arm_fixunsdfsi.o)
 .ARM.attributes
                0x000000000000068c       0x1d c:/programs/stm32cubeide_1.12.0/stm32cubeide/plugins/com.st.stm32cube.ide.mcu.externaltools.gnu-tools-for-stm32.10.3-2021.10.win32_1.0.200.202301161003/tools/bin/../lib/gcc/arm-none-eabi/10.3.1/thumb/v7-m/nofp\libgcc.a(_arm_truncdfsf2.o)
 .ARM.attributes
                0x00000000000006a9       0x1d c:/programs/stm32cubeide_1.12.0/stm32cubeide/plugins/com.st.stm32cube.ide.mcu.externaltools.gnu-tools-for-stm32.10.3-2021.10.win32_1.0.200.202301161003/tools/bin/../lib/gcc/arm-none-eabi/10.3.1/thumb/v7-m/nofp\libgcc.a(_arm_addsubsf3.o)
 .ARM.attributes
                0x00000000000006c6       0x1d c:/programs/stm32cubeide_1.12.0/stm32cubeide/plugins/com.st.stm32cube.ide.mcu.externaltools.gnu-tools-for-stm32.10.3-2021.10.win32_1.0.200.202301161003/tools/bin/../lib/gcc/arm-none-eabi/10.3.1/thumb/v7-m/nofp\libgcc.a(_arm_muldivsf3.o)
 .ARM.attributes
                0x00000000000006e3       0x1d c:/programs/stm32cubeide_1.12.0/stm32cubeide/plugins/com.st.stm32cube.ide.mcu.externaltools.gnu-tools-for-stm32.10.3-2021.10.win32_1.0.200.202301161003/tools/bin/../lib/gcc/arm-none-eabi/10.3.1/thumb/v7-m/nofp\libgcc.a(_arm_cmpsf2.o)
 .ARM.attributes
                0x0000000000000700       0x1d c:/programs/stm32cubeide_1.12.0/stm32cubeide/plugins/com.st.stm32cube.ide.mcu.externaltools.gnu-tools-for-stm32.10.3-2021.10.win32_1.0.200.202301161003/tools/bin/../lib/gcc/arm-none-eabi/10.3.1/thumb/v7-m/nofp\libgcc.a(_arm_fixunssfsi.o)
 .ARM.attributes
                0x000000000000071d       0x1d c:/programs/stm32cubeide_1.12.0/stm32cubeide/plugins/com.st.stm32cube.ide.mcu.externaltools.gnu-tools-for-stm32.10.3-2021.10.win32_1.0.200.202301161003/tools/bin/../lib/gcc/arm-none-eabi/10.3.1/thumb/v7-m/nofp\libgcc.a(_aeabi_uldivmod.o)
 .ARM.attributes
                0x000000000000073a       0x2d c:/programs/stm32cubeide_1.12.0/stm32cubeide/plugins/com.st.stm32cube.ide.mcu.externaltools.gnu-tools-for-stm32.10.3-2021.10.win32_1.0.200.202301161003/tools/bin/../lib/gcc/arm-none-eabi/10.3.1/thumb/v7-m/nofp\libgcc.a(_udivmoddi4.o)
 .ARM.attributes
                0x0000000000000767       0x1d c:/programs/stm32cubeide_1.12.0/stm32cubeide/plugins/com.st.stm32cube.ide.mcu.externaltools.gnu-tools-for-stm32.10.3-2021.10.win32_1.0.200.202301161003/tools/bin/../lib/gcc/arm-none-eabi/10.3.1/thumb/v7-m/nofp\libgcc.a(_dvmd_tls.o)
 .ARM.attributes
                0x0000000000000784       0x1d c:/programs/stm32cubeide_1.12.0/stm32cubeide/plugins/com.st.stm32cube.ide.mcu.externaltools.gnu-tools-for-stm32.10.3-2021.10.win32_1.0.200.202301161003/tools/bin/../lib/gcc/arm-none-eabi/10.3.1/thumb/v7-m/nofp/crtn.o
OUTPUT(Test.elf elf32-littlearm)
LOAD linker stubs
LOAD c:/programs/stm32cubeide_1.12.0/stm32cubeide/plugins/com.st.stm32cube.ide.mcu.externaltools.gnu-tools-for-stm32.10.3-2021.10.win32_1.0.200.202301161003/tools/bin/../lib/gcc/arm-none-eabi/10.3.1/../../../../arm-none-eabi/lib/thumb/v7-m/nofp\libc.a
LOAD c:/programs/stm32cubeide_1.12.0/stm32cubeide/plugins/com.st.stm32cube.ide.mcu.externaltools.gnu-tools-for-stm32.10.3-2021.10.win32_1.0.200.202301161003/tools/bin/../lib/gcc/arm-none-eabi/10.3.1/../../../../arm-none-eabi/lib/thumb/v7-m/nofp\libm.a
LOAD c:/programs/stm32cubeide_1.12.0/stm32cubeide/plugins/com.st.stm32cube.ide.mcu.externaltools.gnu-tools-for-stm32.10.3-2021.10.win32_1.0.200.202301161003/tools/bin/../lib/gcc/arm-none-eabi/10.3.1/thumb/v7-m/nofp\libgcc.a

.debug_info     0x0000000000000000    0x149ec
 .debug_info    0x0000000000000000     0x23d2 ./Core/Src/main.o
 .debug_info    0x00000000000023d2     0x127f ./Core/Src/ssd1306.o
 .debug_info    0x0000000000003651     0x18b8 ./Core/Src/stm32f2xx_hal_msp.o
 .debug_info    0x0000000000004f09     0x10cd ./Core/Src/stm32f2xx_it.o
 .debug_info    0x0000000000005fd6      0x368 ./Core/Src/system_stm32f2xx.o
 .debug_info    0x000000000000633e       0x22 ./Core/Startup/startup_stm32f207vetx.o
 .debug_info    0x0000000000006360      0x9fd ./Drivers/STM32F2xx_HAL_Driver/Src/stm32f2xx_hal.o
 .debug_info    0x0000000000006d5d      0xd68 ./Drivers/STM32F2xx_HAL_Driver/Src/stm32f2xx_hal_adc.o
 .debug_info    0x0000000000007ac5      0xb68 ./Drivers/STM32F2xx_HAL_Driver/Src/stm32f2xx_hal_adc_ex.o
 .debug_info    0x000000000000862d      0xe1b ./Drivers/STM32F2xx_HAL_Driver/Src/stm32f2xx_hal_cortex.o
 .debug_info    0x0000000000009448      0x94f ./Drivers/STM32F2xx_HAL_Driver/Src/stm32f2xx_hal_dma.o
 .debug_info    0x0000000000009d97      0x730 ./Drivers/STM32F2xx_HAL_Driver/Src/stm32f2xx_hal_gpio.o
 .debug_info    0x000000000000a4c7     0x2631 ./Drivers/STM32F2xx_HAL_Driver/Src/stm32f2xx_hal_i2c.o
 .debug_info    0x000000000000caf8      0xaf7 ./Drivers/STM32F2xx_HAL_Driver/Src/stm32f2xx_hal_rcc.o
 .debug_info    0x000000000000d5ef     0x2bf5 ./Drivers/STM32F2xx_HAL_Driver/Src/stm32f2xx_hal_tim.o
 .debug_info    0x00000000000101e4     0x160f ./Drivers/STM32F2xx_HAL_Driver/Src/stm32f2xx_hal_tim_ex.o
 .debug_info    0x00000000000117f3     0x31f9 ./Drivers/STM32F2xx_HAL_Driver/Src/stm32f2xx_hal_uart.o

.debug_abbrev   0x0000000000000000     0x2829
 .debug_abbrev  0x0000000000000000      0x3d2 ./Core/Src/main.o
 .debug_abbrev  0x00000000000003d2      0x33c ./Core/Src/ssd1306.o
 .debug_abbrev  0x000000000000070e      0x263 ./Core/Src/stm32f2xx_hal_msp.o
 .debug_abbrev  0x0000000000000971      0x1d4 ./Core/Src/stm32f2xx_it.o
 .debug_abbrev  0x0000000000000b45      0x116 ./Core/Src/system_stm32f2xx.o
 .debug_abbrev  0x0000000000000c5b       0x12 ./Core/Startup/startup_stm32f207vetx.o
 .debug_abbrev  0x0000000000000c6d      0x27d ./Drivers/STM32F2xx_HAL_Driver/Src/stm32f2xx_hal.o
 .debug_abbrev  0x0000000000000eea      0x27c ./Drivers/STM32F2xx_HAL_Driver/Src/stm32f2xx_hal_adc.o
 .debug_abbrev  0x0000000000001166      0x25f ./Drivers/STM32F2xx_HAL_Driver/Src/stm32f2xx_hal_adc_ex.o
 .debug_abbrev  0x00000000000013c5      0x316 ./Drivers/STM32F2xx_HAL_Driver/Src/stm32f2xx_hal_cortex.o
 .debug_abbrev  0x00000000000016db      0x25b ./Drivers/STM32F2xx_HAL_Driver/Src/stm32f2xx_hal_dma.o
 .debug_abbrev  0x0000000000001936      0x1bb ./Drivers/STM32F2xx_HAL_Driver/Src/stm32f2xx_hal_gpio.o
 .debug_abbrev  0x0000000000001af1      0x297 ./Drivers/STM32F2xx_HAL_Driver/Src/stm32f2xx_hal_i2c.o
 .debug_abbrev  0x0000000000001d88      0x2c8 ./Drivers/STM32F2xx_HAL_Driver/Src/stm32f2xx_hal_rcc.o
 .debug_abbrev  0x0000000000002050      0x279 ./Drivers/STM32F2xx_HAL_Driver/Src/stm32f2xx_hal_tim.o
 .debug_abbrev  0x00000000000022c9      0x26c ./Drivers/STM32F2xx_HAL_Driver/Src/stm32f2xx_hal_tim_ex.o
 .debug_abbrev  0x0000000000002535      0x2f4 ./Drivers/STM32F2xx_HAL_Driver/Src/stm32f2xx_hal_uart.o

.debug_aranges  0x0000000000000000     0x1290
 .debug_aranges
                0x0000000000000000       0xe0 ./Core/Src/main.o
 .debug_aranges
                0x00000000000000e0      0x138 ./Core/Src/ssd1306.o
 .debug_aranges
                0x0000000000000218       0x88 ./Core/Src/stm32f2xx_hal_msp.o
 .debug_aranges
                0x00000000000002a0       0xc8 ./Core/Src/stm32f2xx_it.o
 .debug_aranges
                0x0000000000000368       0x28 ./Core/Src/system_stm32f2xx.o
 .debug_aranges
                0x0000000000000390       0x28 ./Core/Startup/startup_stm32f207vetx.o
 .debug_aranges
                0x00000000000003b8       0xf0 ./Drivers/STM32F2xx_HAL_Driver/Src/stm32f2xx_hal.o
 .debug_aranges
                0x00000000000004a8       0xe8 ./Drivers/STM32F2xx_HAL_Driver/Src/stm32f2xx_hal_adc.o
 .debug_aranges
                0x0000000000000590       0x90 ./Drivers/STM32F2xx_HAL_Driver/Src/stm32f2xx_hal_adc_ex.o
 .debug_aranges
                0x0000000000000620      0x118 ./Drivers/STM32F2xx_HAL_Driver/Src/stm32f2xx_hal_cortex.o
 .debug_aranges
                0x0000000000000738       0x90 ./Drivers/STM32F2xx_HAL_Driver/Src/stm32f2xx_hal_dma.o
 .debug_aranges
                0x00000000000007c8       0x58 ./Drivers/STM32F2xx_HAL_Driver/Src/stm32f2xx_hal_gpio.o
 .debug_aranges
                0x0000000000000820      0x2a8 ./Drivers/STM32F2xx_HAL_Driver/Src/stm32f2xx_hal_i2c.o
 .debug_aranges
                0x0000000000000ac8       0x88 ./Drivers/STM32F2xx_HAL_Driver/Src/stm32f2xx_hal_rcc.o
 .debug_aranges
                0x0000000000000b50      0x3d0 ./Drivers/STM32F2xx_HAL_Driver/Src/stm32f2xx_hal_tim.o
 .debug_aranges
                0x0000000000000f20      0x168 ./Drivers/STM32F2xx_HAL_Driver/Src/stm32f2xx_hal_tim_ex.o
 .debug_aranges
                0x0000000000001088      0x208 ./Drivers/STM32F2xx_HAL_Driver/Src/stm32f2xx_hal_uart.o

.debug_ranges   0x0000000000000000     0x11e8
 .debug_ranges  0x0000000000000000       0xe8 ./Core/Src/main.o
 .debug_ranges  0x00000000000000e8      0x128 ./Core/Src/ssd1306.o
 .debug_ranges  0x0000000000000210       0x78 ./Core/Src/stm32f2xx_hal_msp.o
 .debug_ranges  0x0000000000000288       0xb8 ./Core/Src/stm32f2xx_it.o
 .debug_ranges  0x0000000000000340       0x18 ./Core/Src/system_stm32f2xx.o
 .debug_ranges  0x0000000000000358       0x20 ./Core/Startup/startup_stm32f207vetx.o
 .debug_ranges  0x0000000000000378       0xe0 ./Drivers/STM32F2xx_HAL_Driver/Src/stm32f2xx_hal.o
 .debug_ranges  0x0000000000000458       0xd8 ./Drivers/STM32F2xx_HAL_Driver/Src/stm32f2xx_hal_adc.o
 .debug_ranges  0x0000000000000530       0x80 ./Drivers/STM32F2xx_HAL_Driver/Src/stm32f2xx_hal_adc_ex.o
 .debug_ranges  0x00000000000005b0      0x108 ./Drivers/STM32F2xx_HAL_Driver/Src/stm32f2xx_hal_cortex.o
 .debug_ranges  0x00000000000006b8       0x80 ./Drivers/STM32F2xx_HAL_Driver/Src/stm32f2xx_hal_dma.o
 .debug_ranges  0x0000000000000738       0x48 ./Drivers/STM32F2xx_HAL_Driver/Src/stm32f2xx_hal_gpio.o
 .debug_ranges  0x0000000000000780      0x2b0 ./Drivers/STM32F2xx_HAL_Driver/Src/stm32f2xx_hal_i2c.o
 .debug_ranges  0x0000000000000a30       0x78 ./Drivers/STM32F2xx_HAL_Driver/Src/stm32f2xx_hal_rcc.o
 .debug_ranges  0x0000000000000aa8      0x3c0 ./Drivers/STM32F2xx_HAL_Driver/Src/stm32f2xx_hal_tim.o
 .debug_ranges  0x0000000000000e68      0x158 ./Drivers/STM32F2xx_HAL_Driver/Src/stm32f2xx_hal_tim_ex.o
 .debug_ranges  0x0000000000000fc0      0x228 ./Drivers/STM32F2xx_HAL_Driver/Src/stm32f2xx_hal_uart.o

.debug_macro    0x0000000000000000    0x200b3
 .debug_macro   0x0000000000000000      0x401 ./Core/Src/main.o
 .debug_macro   0x0000000000000401      0x24a ./Core/Src/main.o
 .debug_macro   0x000000000000064b       0x2e ./Core/Src/main.o
 .debug_macro   0x0000000000000679       0x22 ./Core/Src/main.o
 .debug_macro   0x000000000000069b       0x1c ./Core/Src/main.o
 .debug_macro   0x00000000000006b7       0x22 ./Core/Src/main.o
 .debug_macro   0x00000000000006d9       0xbd ./Core/Src/main.o
 .debug_macro   0x0000000000000796      0xe49 ./Core/Src/main.o
 .debug_macro   0x00000000000015df      0x11f ./Core/Src/main.o
 .debug_macro   0x00000000000016fe    0x14fe1 ./Core/Src/main.o
 .debug_macro   0x00000000000166df       0x6d ./Core/Src/main.o
 .debug_macro   0x000000000001674c     0x35a5 ./Core/Src/main.o
 .debug_macro   0x0000000000019cf1      0x174 ./Core/Src/main.o
 .debug_macro   0x0000000000019e65       0x55 ./Core/Src/main.o
 .debug_macro   0x0000000000019eba     0x1056 ./Core/Src/main.o
 .debug_macro   0x000000000001af10      0x153 ./Core/Src/main.o
 .debug_macro   0x000000000001b063      0x170 ./Core/Src/main.o
 .debug_macro   0x000000000001b1d3      0x115 ./Core/Src/main.o
 .debug_macro   0x000000000001b2e8      0x108 ./Core/Src/main.o
 .debug_macro   0x000000000001b3f0       0xa5 ./Core/Src/main.o
 .debug_macro   0x000000000001b495      0x16a ./Core/Src/main.o
 .debug_macro   0x000000000001b5ff      0x287 ./Core/Src/main.o
 .debug_macro   0x000000000001b886       0x5f ./Core/Src/main.o
 .debug_macro   0x000000000001b8e5      0x236 ./Core/Src/main.o
 .debug_macro   0x000000000001bb1b      0x37c ./Core/Src/main.o
 .debug_macro   0x000000000001be97      0x16f ./Core/Src/main.o
 .debug_macro   0x000000000001c006       0xf9 ./Core/Src/main.o
 .debug_macro   0x000000000001c0ff      0x126 ./Core/Src/main.o
 .debug_macro   0x000000000001c225      0x216 ./Core/Src/main.o
 .debug_macro   0x000000000001c43b       0x2e ./Core/Src/main.o
 .debug_macro   0x000000000001c469      0x287 ./Core/Src/main.o
 .debug_macro   0x000000000001c6f0      0x113 ./Core/Src/main.o
 .debug_macro   0x000000000001c803       0x22 ./Core/Src/main.o
 .debug_macro   0x000000000001c825       0x82 ./Core/Src/main.o
 .debug_macro   0x000000000001c8a7      0x8ed ./Core/Src/main.o
 .debug_macro   0x000000000001d194       0x4c ./Core/Src/main.o
 .debug_macro   0x000000000001d1e0      0x2aa ./Core/Src/main.o
 .debug_macro   0x000000000001d48a      0x12d ./Core/Src/main.o
 .debug_macro   0x000000000001d5b7       0x22 ./Core/Src/main.o
 .debug_macro   0x000000000001d5d9       0x18 ./Core/Src/main.o
 .debug_macro   0x000000000001d5f1       0x52 ./Core/Src/main.o
 .debug_macro   0x000000000001d643       0x3c ./Core/Src/main.o
 .debug_macro   0x000000000001d67f       0x34 ./Core/Src/main.o
 .debug_macro   0x000000000001d6b3       0x16 ./Core/Src/main.o
 .debug_macro   0x000000000001d6c9       0x35 ./Core/Src/main.o
 .debug_macro   0x000000000001d6fe       0x16 ./Core/Src/main.o
 .debug_macro   0x000000000001d714       0x43 ./Core/Src/main.o
 .debug_macro   0x000000000001d757       0x34 ./Core/Src/main.o
 .debug_macro   0x000000000001d78b       0x10 ./Core/Src/main.o
 .debug_macro   0x000000000001d79b       0x58 ./Core/Src/main.o
 .debug_macro   0x000000000001d7f3       0x71 ./Core/Src/main.o
 .debug_macro   0x000000000001d864       0x1c ./Core/Src/main.o
 .debug_macro   0x000000000001d880      0x12a ./Core/Src/main.o
 .debug_macro   0x000000000001d9aa      0x341 ./Core/Src/main.o
 .debug_macro   0x000000000001dceb       0x16 ./Core/Src/main.o
 .debug_macro   0x000000000001dd01       0x29 ./Core/Src/main.o
 .debug_macro   0x000000000001dd2a       0x16 ./Core/Src/main.o
 .debug_macro   0x000000000001dd40       0x20 ./Core/Src/main.o
 .debug_macro   0x000000000001dd60       0xca ./Core/Src/main.o
 .debug_macro   0x000000000001de2a       0x1c ./Core/Src/main.o
 .debug_macro   0x000000000001de46       0x10 ./Core/Src/main.o
 .debug_macro   0x000000000001de56       0x10 ./Core/Src/main.o
 .debug_macro   0x000000000001de66       0x1c ./Core/Src/main.o
 .debug_macro   0x000000000001de82       0x52 ./Core/Src/main.o
 .debug_macro   0x000000000001ded4       0x22 ./Core/Src/main.o
 .debug_macro   0x000000000001def6       0x10 ./Core/Src/main.o
 .debug_macro   0x000000000001df06       0x52 ./Core/Src/main.o
 .debug_macro   0x000000000001df58       0xd5 ./Core/Src/main.o
 .debug_macro   0x000000000001e02d       0x1c ./Core/Src/main.o
 .debug_macro   0x000000000001e049       0x3d ./Core/Src/main.o
 .debug_macro   0x000000000001e086       0x16 ./Core/Src/main.o
 .debug_macro   0x000000000001e09c      0x145 ./Core/Src/main.o
 .debug_macro   0x000000000001e1e1      0x312 ./Core/Src/ssd1306.o
 .debug_macro   0x000000000001e4f3      0x1f4 ./Core/Src/stm32f2xx_hal_msp.o
 .debug_macro   0x000000000001e6e7      0x1fe ./Core/Src/stm32f2xx_it.o
 .debug_macro   0x000000000001e8e5      0x1ea ./Core/Src/system_stm32f2xx.o
 .debug_macro   0x000000000001eacf      0x238 ./Drivers/STM32F2xx_HAL_Driver/Src/stm32f2xx_hal.o
 .debug_macro   0x000000000001ed07      0x1eb ./Drivers/STM32F2xx_HAL_Driver/Src/stm32f2xx_hal_adc.o
 .debug_macro   0x000000000001eef2      0x1ea ./Drivers/STM32F2xx_HAL_Driver/Src/stm32f2xx_hal_adc_ex.o
 .debug_macro   0x000000000001f0dc      0x1ea ./Drivers/STM32F2xx_HAL_Driver/Src/stm32f2xx_hal_cortex.o
 .debug_macro   0x000000000001f2c6      0x1f0 ./Drivers/STM32F2xx_HAL_Driver/Src/stm32f2xx_hal_dma.o
 .debug_macro   0x000000000001f4b6      0x1f1 ./Drivers/STM32F2xx_HAL_Driver/Src/stm32f2xx_hal_gpio.o