../Core/Src/main.c:129:6:HAL_ADC_ConvCpltCallback	24	static
../Core/Src/main.c:134:6:change_mode	16	static
../Core/Src/main.c:156:6:USART2_IRQHandler	8	static
../Core/Src/main.c:161:6:HAL_UART_TxCpltCallback	16	static
../Core/Src/main.c:166:7:convertIntegerToChar	72	dynamic
../Core/Src/main.c:218:6:set_RPM	24	static
../Core/Src/main.c:225:6:move_rotor	32	static
../Core/Src/main.c:275:6:HAL_TIM_PeriodElapsedCallback	16	static
../Core/Src/main.c:339:6:Capture	8	static
../Core/Src/main.c:360:6:check_sync	24	static
../Core/Src/main.c:470:6:HAL_GPIO_EXTI_Callback	16	static
../Core/Src/main.c:504:5:main	8	static
../Core/Src/main.c:615:6:SystemClock_Config	80	static
../Core/Src/main.c:656:13:MX_ADC1_Init	24	static
../Core/Src/main.c:726:13:MX_I2C3_Init	8	static
../Core/Src/main.c:760:13:MX_TIM1_Init	96	static
../Core/Src/main.c:839:13:MX_TIM4_Init	56	static
../Core/Src/main.c:888:13:MX_TIM8_Init	96	static
../Core/Src/main.c:963:13:MX_TIM12_Init	40	static
../Core/Src/main.c:1004:13:MX_TIM13_Init	8	static
../Core/Src/main.c:1035:13:MX_TIM14_Init	40	static
../Core/Src/main.c:1080:13:MX_USART3_UART_Init	8	static
../Core/Src/main.c:1111:13:MX_DMA_Init	16	static
../Core/Src/main.c:1133:13:MX_GPIO_Init	56	static
../Core/Src/main.c:1180:6:Error_Handler	4	static,ignoring_inline_asm
