../Core/Src/ssd1306.c:32:23:width	4	static
../Core/Src/ssd1306.c:33:23:height	4	static
../Core/Src/ssd1306.c:37:10:ssd1306_GetWidth	4	static
../Core/Src/ssd1306.c:42:10:ssd1306_GetHeight	4	static
../Core/Src/ssd1306.c:47:15:ssd1306_GetColor	4	static
../Core/Src/ssd1306.c:52:6:ssd1306_SetColor	16	static
../Core/Src/ssd1306.c:58:9:ssd1306_Init	8	static
../Core/Src/ssd1306.c:142:6:ssd1306_Fill	16	static
../Core/Src/ssd1306.c:156:6:ssd1306_UpdateScreen	24	static
../Core/Src/ssd1306.c:175:6:ssd1306_DrawPixel	40	static
../Core/Src/ssd1306.c:202:6:ssd1306_DrawLine	48	static
../Core/Src/ssd1306.c:252:6:ssd1306_DrawHorizontalLine	32	static
../Core/Src/ssd1306.c:298:6:ssd1306_DrawVerticalLine	40	static
../Core/Src/ssd1306.c:381:6:ssd1306_DrawRect	24	static
../Core/Src/ssd1306.c:389:6:ssd1306_FillRect	32	static
../Core/Src/ssd1306.c:397:6:ssd1306_DrawTriangle	24	static
../Core/Src/ssd1306.c:405:6:ssd1306_DrawFillTriangle	56	static
../Core/Src/ssd1306.c:473:6:ssd1306_DrawCircle	24	static
../Core/Src/ssd1306.c:501:6:ssd1306_FillCircle	24	static
../Core/Src/ssd1306.c:526:6:ssd1306_DrawCircleQuads	32	static
../Core/Src/ssd1306.c:575:6:ssd1306_DrawProgressBar	40	static
../Core/Src/ssd1306.c:604:6:ssd1306_DrawBitmap	32	static
../Core/Src/ssd1306.c:645:6:ssd1306_WriteChar	40	static
../Core/Src/ssd1306.c:686:6:ssd1306_WriteString	24	static
../Core/Src/ssd1306.c:708:6:ssd1306_SetCursor	16	static
../Core/Src/ssd1306.c:714:6:ssd1306_DisplayOn	8	static
../Core/Src/ssd1306.c:719:6:ssd1306_DisplayOff	8	static
../Core/Src/ssd1306.c:724:6:ssd1306_InvertDisplay	8	static
../Core/Src/ssd1306.c:729:6:ssd1306_NormalDisplay	8	static
../Core/Src/ssd1306.c:734:6:ssd1306_ResetOrientation	8	static
../Core/Src/ssd1306.c:740:6:ssd1306_FlipScreenVertically	8	static
../Core/Src/ssd1306.c:746:6:ssd1306_MirrorScreen	8	static
../Core/Src/ssd1306.c:752:6:ssd1306_Clear	8	static
../Core/Src/ssd1306.c:760:13:ssd1306_WriteCommand	24	static
../Core/Src/ssd1306.c:770:13:ssd1306_WriteData	24	static
../Core/Src/ssd1306.c:781:6:HAL_I2C_MemTxCpltCallback	16	static
